###############################################################################
#
# IAR ELF Linker V8.32.3.193/W32 for ARM                  12/Jun/2021  00:47:47
# Copyright 2007-2019 IAR Systems AB.
#
#    Output file  =  
#        G:\mygithub\eTable_bootloader\EWARM\eTable_bootloader\Exe\eTable_bootloader.out
#    Map file     =  
#        G:\mygithub\eTable_bootloader\EWARM\eTable_bootloader\List\eTable_bootloader.map
#    Command line =  
#        -f C:\Users\LY-PC\AppData\Local\Temp\EW2C9E.tmp
#        (G:\mygithub\eTable_bootloader\EWARM\eTable_bootloader\Obj\gpio.o
#        G:\mygithub\eTable_bootloader\EWARM\eTable_bootloader\Obj\internalflash.o
#        G:\mygithub\eTable_bootloader\EWARM\eTable_bootloader\Obj\main.o
#        G:\mygithub\eTable_bootloader\EWARM\eTable_bootloader\Obj\mbcrc.o
#        G:\mygithub\eTable_bootloader\EWARM\eTable_bootloader\Obj\rtc.o
#        G:\mygithub\eTable_bootloader\EWARM\eTable_bootloader\Obj\startup_stm32l431xx.o
#        G:\mygithub\eTable_bootloader\EWARM\eTable_bootloader\Obj\stm32l4xx_hal.o
#        G:\mygithub\eTable_bootloader\EWARM\eTable_bootloader\Obj\stm32l4xx_hal_cortex.o
#        G:\mygithub\eTable_bootloader\EWARM\eTable_bootloader\Obj\stm32l4xx_hal_dma.o
#        G:\mygithub\eTable_bootloader\EWARM\eTable_bootloader\Obj\stm32l4xx_hal_dma_ex.o
#        G:\mygithub\eTable_bootloader\EWARM\eTable_bootloader\Obj\stm32l4xx_hal_exti.o
#        G:\mygithub\eTable_bootloader\EWARM\eTable_bootloader\Obj\stm32l4xx_hal_flash.o
#        G:\mygithub\eTable_bootloader\EWARM\eTable_bootloader\Obj\stm32l4xx_hal_flash_ex.o
#        G:\mygithub\eTable_bootloader\EWARM\eTable_bootloader\Obj\stm32l4xx_hal_flash_ramfunc.o
#        G:\mygithub\eTable_bootloader\EWARM\eTable_bootloader\Obj\stm32l4xx_hal_gpio.o
#        G:\mygithub\eTable_bootloader\EWARM\eTable_bootloader\Obj\stm32l4xx_hal_i2c.o
#        G:\mygithub\eTable_bootloader\EWARM\eTable_bootloader\Obj\stm32l4xx_hal_i2c_ex.o
#        G:\mygithub\eTable_bootloader\EWARM\eTable_bootloader\Obj\stm32l4xx_hal_msp.o
#        G:\mygithub\eTable_bootloader\EWARM\eTable_bootloader\Obj\stm32l4xx_hal_pwr.o
#        G:\mygithub\eTable_bootloader\EWARM\eTable_bootloader\Obj\stm32l4xx_hal_pwr_ex.o
#        G:\mygithub\eTable_bootloader\EWARM\eTable_bootloader\Obj\stm32l4xx_hal_rcc.o
#        G:\mygithub\eTable_bootloader\EWARM\eTable_bootloader\Obj\stm32l4xx_hal_rcc_ex.o
#        G:\mygithub\eTable_bootloader\EWARM\eTable_bootloader\Obj\stm32l4xx_hal_rtc.o
#        G:\mygithub\eTable_bootloader\EWARM\eTable_bootloader\Obj\stm32l4xx_hal_rtc_ex.o
#        G:\mygithub\eTable_bootloader\EWARM\eTable_bootloader\Obj\stm32l4xx_hal_tim.o
#        G:\mygithub\eTable_bootloader\EWARM\eTable_bootloader\Obj\stm32l4xx_hal_tim_ex.o
#        G:\mygithub\eTable_bootloader\EWARM\eTable_bootloader\Obj\stm32l4xx_hal_uart.o
#        G:\mygithub\eTable_bootloader\EWARM\eTable_bootloader\Obj\stm32l4xx_hal_uart_ex.o
#        G:\mygithub\eTable_bootloader\EWARM\eTable_bootloader\Obj\stm32l4xx_it.o
#        G:\mygithub\eTable_bootloader\EWARM\eTable_bootloader\Obj\system_stm32l4xx.o
#        G:\mygithub\eTable_bootloader\EWARM\eTable_bootloader\Obj\tim.o
#        G:\mygithub\eTable_bootloader\EWARM\eTable_bootloader\Obj\usart.o
#        --redirect _Printf=_PrintfFull --redirect _Scanf=_ScanfFull
#        --no_out_extension -o
#        G:\mygithub\eTable_bootloader\EWARM\eTable_bootloader\Exe\eTable_bootloader.out
#        --map
#        G:\mygithub\eTable_bootloader\EWARM\eTable_bootloader\List\eTable_bootloader.map
#        --config G:\mygithub\eTable_bootloader\EWARM/stm32l431xx_flash.icf
#        --semihosting --entry __iar_program_start --vfe --text_out locale)
#
###############################################################################

*******************************************************************************
*** RUNTIME MODEL ATTRIBUTES
***

CppFlavor       = *
__Heap_Handler  = DLMalloc
__SystemLibrary = DLib
__dlib_version  = 6


*******************************************************************************
*** HEAP SELECTION
***

The advanced heap was selected because the application calls memory
allocation functions outside of system library functions, and there
are calls to deallocation functions in the application.


*******************************************************************************
*** PLACEMENT SUMMARY
***

"A0":  place at 0x800'0000 { ro section .intvec };
"P1":  place in [from 0x800'0000 to 0x803'ffff] { ro };
define block CSTACK with size = 1K, alignment = 8 { };
define block HEAP with size = 512, alignment = 8 { };
"P2":  place in [from 0x2000'0000 to 0x2000'ffff] {
          rw, block CSTACK, block HEAP };
initialize by copy { rw };

  Section            Kind         Address    Size  Object
  -------            ----         -------    ----  ------
"A0":                                       0x18c
  .intvec            ro code   0x800'0000   0x18c  startup_stm32l431xx.o [1]
                             - 0x800'018c   0x18c

"P1":                                      0x4669
  .text              ro code   0x800'018c  0x14e0  dlmalloc.o [2]
  .text              ro code   0x800'166c     0x6  abort.o [2]
  .text              ro code   0x800'1672    0x3a  zero_init3.o [4]
  .text              ro code   0x800'16ac    0x2c  xgetmemchunk.o [2]
  .text              ro code   0x800'16d8    0x14  exit.o [5]
  .text              ro code   0x800'16ec   0x9cc  stm32l4xx_hal_rcc.o [1]
  .text              ro code   0x800'20b8    0x60  stm32l4xx_hal.o [1]
  .text              ro code   0x800'2118     0xc  stm32l4xx_hal.o [1]
  .text              ro code   0x800'2124    0x94  stm32l4xx_hal_pwr_ex.o [1]
  .text              ro code   0x800'21b8   0x15c  stm32l4xx_hal_cortex.o [1]
  .text              ro code   0x800'2314   0x93e  stm32l4xx_hal_uart.o [1]
  .text              ro code   0x800'2c54   0x168  usart.o [1]
  .text              ro code   0x800'2dbc    0x5e  stm32l4xx_hal_dma.o [1]
  .text              ro code   0x800'2e1a     0x2  stm32l4xx_hal_uart.o [1]
  .text              ro code   0x800'2e1c     0x2  stm32l4xx_hal_uart_ex.o [1]
  .text              ro code   0x800'2e20   0x230  I64DivMod.o [4]
  .text              ro code   0x800'3050     0x2  stm32l4xx_hal_uart.o [1]
  .text              ro code   0x800'3054   0x26a  main.o [1]
  .text              ro code   0x800'32c0     0x6  ABImemclr4.o [4]
  .text              ro code   0x800'32c8   0x1f4  stm32l4xx_hal_gpio.o [1]
  .text              ro code   0x800'34bc     0x2  I64DivZer.o [4]
  .text              ro code   0x800'34c0   0x150  internalflash.o [1]
  .text              ro code   0x800'3610    0x24  stm32l4xx_hal.o [1]
  .text              ro code   0x800'3634    0x54  gpio.o [1]
  .text              ro code   0x800'3688    0x54  rtc.o [1]
  .text              ro code   0x800'36dc    0x8c  tim.o [1]
  .text              ro code   0x800'3768    0x66  ABImemset.o [4]
  .text              ro code   0x800'37d0    0x10  stm32l4xx_hal_pwr.o [1]
  .text              ro code   0x800'37e0   0x4a0  stm32l4xx_hal_rcc_ex.o [1]
  .text              ro code   0x800'3c80    0x32  ABImemset48.o [4]
  .text              ro code   0x800'3cb4   0x1b8  stm32l4xx_hal_flash.o [1]
  .text              ro code   0x800'3e6c   0x1a4  stm32l4xx_hal_flash_ex.o [1]
  .text              ro code   0x800'4010     0x4  heaptramp0.o [2]
  .text              ro code   0x800'4014    0x38  stm32l4xx_hal_msp.o [1]
  .text              ro code   0x800'404c   0x19c  stm32l4xx_hal_rtc.o [1]
  .text              ro code   0x800'41e8   0x288  stm32l4xx_hal_tim.o [1]
  .text              ro code   0x800'4470    0x7c  stm32l4xx_hal_tim_ex.o [1]
  .text              ro code   0x800'44ec     0x2  stm32l4xx_hal_tim.o [1]
  .text              ro code   0x800'44ee     0x2  stm32l4xx_hal_tim.o [1]
  .text              ro code   0x800'44f0     0x2  stm32l4xx_hal_tim.o [1]
  .text              ro code   0x800'44f2     0x2  stm32l4xx_hal_tim.o [1]
  .text              ro code   0x800'44f4     0x2  stm32l4xx_hal_tim_ex.o [1]
  .text              ro code   0x800'44f6     0x2  stm32l4xx_hal_tim_ex.o [1]
  .text              ro code   0x800'44f8     0x2  stm32l4xx_hal_tim.o [1]
  .text              ro code   0x800'44fa     0x2  stm32l4xx_hal_tim_ex.o [1]
  .text              ro code   0x800'44fc    0x60  system_stm32l4xx.o [1]
  .text              ro code   0x800'455c    0x44  stm32l4xx_it.o [1]
  .text              ro code   0x800'45a0    0x18  stm32l4xx_hal.o [1]
  .text              ro code   0x800'45b8    0x38  packbits_init_single.o [4]
  .rodata            const     0x800'45f0    0x30  system_stm32l4xx.o [1]
  .text              ro code   0x800'4620    0x28  data_init.o [4]
  .text              ro code   0x800'4648    0x22  fpinit_M.o [3]
  .iar.init_table    const     0x800'466c    0x20  - Linker created -
  .text              ro code   0x800'468c    0x1e  cmain.o [4]
  .text              ro code   0x800'46aa     0x4  low_level_init.o [2]
  .text              ro code   0x800'46ae     0x4  exit.o [2]
  .text              ro code   0x800'46b4     0xa  cexit.o [4]
  .rodata            const     0x800'46c0    0x10  system_stm32l4xx.o [1]
  .text              ro code   0x800'46d0    0x10  startup_stm32l431xx.o [1]
  .text              ro code   0x800'46e0     0xc  cstartup_M.o [4]
  .rodata            const     0x800'46ec     0x8  system_stm32l4xx.o [1]
  .text              ro code   0x800'46f4     0x4  startup_stm32l431xx.o [1]
  .text              ro code   0x800'46f8     0x4  startup_stm32l431xx.o [1]
  .text              ro code   0x800'46fc     0x4  startup_stm32l431xx.o [1]
  .text              ro code   0x800'4700     0x4  startup_stm32l431xx.o [1]
  .text              ro code   0x800'4704     0x4  startup_stm32l431xx.o [1]
  .text              ro code   0x800'4708     0x4  startup_stm32l431xx.o [1]
  .text              ro code   0x800'470c     0x4  startup_stm32l431xx.o [1]
  .text              ro code   0x800'4710     0x4  startup_stm32l431xx.o [1]
  .text              ro code   0x800'4714     0x4  startup_stm32l431xx.o [1]
  .text              ro code   0x800'4718     0x4  startup_stm32l431xx.o [1]
  .text              ro code   0x800'471c     0x4  startup_stm32l431xx.o [1]
  .text              ro code   0x800'4720     0x4  startup_stm32l431xx.o [1]
  .text              ro code   0x800'4724     0x4  startup_stm32l431xx.o [1]
  .text              ro code   0x800'4728     0x4  startup_stm32l431xx.o [1]
  .text              ro code   0x800'472c     0x4  startup_stm32l431xx.o [1]
  .text              ro code   0x800'4730     0x4  startup_stm32l431xx.o [1]
  .text              ro code   0x800'4734     0x4  startup_stm32l431xx.o [1]
  .text              ro code   0x800'4738     0x4  startup_stm32l431xx.o [1]
  .text              ro code   0x800'473c     0x4  startup_stm32l431xx.o [1]
  .text              ro code   0x800'4740     0x4  startup_stm32l431xx.o [1]
  .text              ro code   0x800'4744     0x4  startup_stm32l431xx.o [1]
  .text              ro code   0x800'4748     0x4  startup_stm32l431xx.o [1]
  .text              ro code   0x800'474c     0x4  startup_stm32l431xx.o [1]
  .text              ro code   0x800'4750     0x4  startup_stm32l431xx.o [1]
  .text              ro code   0x800'4754     0x4  startup_stm32l431xx.o [1]
  .text              ro code   0x800'4758     0x4  startup_stm32l431xx.o [1]
  .text              ro code   0x800'475c     0x4  startup_stm32l431xx.o [1]
  .text              ro code   0x800'4760     0x4  startup_stm32l431xx.o [1]
  .text              ro code   0x800'4764     0x4  startup_stm32l431xx.o [1]
  .text              ro code   0x800'4768     0x4  startup_stm32l431xx.o [1]
  .text              ro code   0x800'476c     0x4  startup_stm32l431xx.o [1]
  .text              ro code   0x800'4770     0x4  startup_stm32l431xx.o [1]
  .text              ro code   0x800'4774     0x4  startup_stm32l431xx.o [1]
  .text              ro code   0x800'4778     0x4  startup_stm32l431xx.o [1]
  .text              ro code   0x800'477c     0x4  startup_stm32l431xx.o [1]
  .text              ro code   0x800'4780     0x4  startup_stm32l431xx.o [1]
  .text              ro code   0x800'4784     0x4  startup_stm32l431xx.o [1]
  .text              ro code   0x800'4788     0x4  startup_stm32l431xx.o [1]
  .text              ro code   0x800'478c     0x4  startup_stm32l431xx.o [1]
  .text              ro code   0x800'4790     0x4  startup_stm32l431xx.o [1]
  .text              ro code   0x800'4794     0x4  startup_stm32l431xx.o [1]
  .text              ro code   0x800'4798     0x4  startup_stm32l431xx.o [1]
  .text              ro code   0x800'479c     0x4  startup_stm32l431xx.o [1]
  .text              ro code   0x800'47a0     0x4  startup_stm32l431xx.o [1]
  .text              ro code   0x800'47a4     0x4  startup_stm32l431xx.o [1]
  .text              ro code   0x800'47a8     0x4  startup_stm32l431xx.o [1]
  .text              ro code   0x800'47ac     0x4  startup_stm32l431xx.o [1]
  .text              ro code   0x800'47b0     0x4  startup_stm32l431xx.o [1]
  .text              ro code   0x800'47b4     0x4  startup_stm32l431xx.o [1]
  .text              ro code   0x800'47b8     0x4  startup_stm32l431xx.o [1]
  .text              ro code   0x800'47bc     0x4  startup_stm32l431xx.o [1]
  .text              ro code   0x800'47c0     0x4  startup_stm32l431xx.o [1]
  .text              ro code   0x800'47c4     0x4  startup_stm32l431xx.o [1]
  .text              ro code   0x800'47c8     0x4  startup_stm32l431xx.o [1]
  .text              ro code   0x800'47cc     0x4  startup_stm32l431xx.o [1]
  .text              ro code   0x800'47d0     0x4  startup_stm32l431xx.o [1]
  .text              ro code   0x800'47d4     0x4  startup_stm32l431xx.o [1]
  .text              ro code   0x800'47d8     0x4  startup_stm32l431xx.o [1]
  .text              ro code   0x800'47dc     0x4  startup_stm32l431xx.o [1]
  .text              ro code   0x800'47e0     0x4  startup_stm32l431xx.o [1]
  .text              ro code   0x800'47e4     0x4  startup_stm32l431xx.o [1]
  .rodata            const     0x800'47e8     0x0  zero_init3.o [4]
  .rodata            const     0x800'47e8     0x0  packbits_init_single.o [4]
  Initializer bytes  const     0x800'47e8     0xd  <for P2-1>
                             - 0x800'47f5  0x4669

"P2", part 1 of 3:                           0x29
  P2-1                        0x2000'0000    0x29  <Init block>
    .data            inited   0x2000'0000     0x4  stm32l4xx_hal.o [1]
    .data            inited   0x2000'0004    0x20  stm32l4xx_hal_flash.o [1]
    .data            inited   0x2000'0024     0x4  system_stm32l4xx.o [1]
    .data            inited   0x2000'0028     0x1  stm32l4xx_hal.o [1]
                            - 0x2000'0029    0x29

"P2", part 2 of 3:                          0x7a4
  .bss               zero     0x2000'002c   0x434  main.o [1]
  .bss               zero     0x2000'0460   0x1d8  dlmalloc.o [2]
  .bss               zero     0x2000'0638    0x80  usart.o [1]
  .bss               zero     0x2000'06b8    0x80  usart.o [1]
  .bss               zero     0x2000'0738    0x4c  tim.o [1]
  .bss               zero     0x2000'0784    0x24  rtc.o [1]
  .bss               zero     0x2000'07a8    0x18  dlmalloc.o [2]
  .bss               zero     0x2000'07c0     0x4  stm32l4xx_hal.o [1]
  .bss               zero     0x2000'07c4     0x4  xgetmemchunk.o [2]
  .bss               zero     0x2000'07c8     0x2  main.o [1]
  .bss               zero     0x2000'07ca     0x2  main.o [1]
  .bss               zero     0x2000'07cc     0x1  main.o [1]
  .bss               zero     0x2000'07cd     0x1  main.o [1]
  .bss               zero     0x2000'07ce     0x1  main.o [1]
                            - 0x2000'07cf   0x7a3

"P2", part 3 of 3:                          0x600
  CSTACK                      0x2000'07d0   0x400  <Block>
    CSTACK           uninit   0x2000'07d0   0x400  <Block tail>
  HEAP                        0x2000'0bd0   0x200  <Block>
    HEAP             uninit   0x2000'0bd0   0x200  <Block tail>
                            - 0x2000'0dd0   0x600

Unused ranges:

         From           To      Size
         ----           --      ----
   0x800'47f5   0x803'ffff  0x3'b80b
  0x2000'0029  0x2000'002b       0x3
  0x2000'0dd0  0x2000'ffff    0xf230


*******************************************************************************
*** INIT TABLE
***

          Address      Size
          -------      ----
Zero (__iar_zero_init3)
    1 destination range, total size 0x7a3:
          0x2000'002c  0x7a3

Copy/packbits (__iar_packbits_init_single3)
    1 source range, total size 0xd (31% of destination):
           0x800'47e8    0xd
    1 destination range, total size 0x29:
          0x2000'0000   0x29



*******************************************************************************
*** MODULE SUMMARY
***

    Module                    ro code  ro data  rw data
    ------                    -------  -------  -------
command line/config:
    ---------------------------------------------------
    Total:

G:\mygithub\eTable_bootloader\EWARM\eTable_bootloader\Obj: [1]
    gpio.o                         84
    internalflash.o               336
    main.o                        618             1 083
    rtc.o                          84                36
    startup_stm32l431xx.o         656
    stm32l4xx_hal.o               168        2        9
    stm32l4xx_hal_cortex.o        348
    stm32l4xx_hal_dma.o            94
    stm32l4xx_hal_flash.o         440       10       32
    stm32l4xx_hal_flash_ex.o      420
    stm32l4xx_hal_gpio.o          500
    stm32l4xx_hal_msp.o            56
    stm32l4xx_hal_pwr.o            16
    stm32l4xx_hal_pwr_ex.o        148
    stm32l4xx_hal_rcc.o         2 508
    stm32l4xx_hal_rcc_ex.o      1 184
    stm32l4xx_hal_rtc.o           412
    stm32l4xx_hal_tim.o           658
    stm32l4xx_hal_tim_ex.o        130
    stm32l4xx_hal_uart.o        2 370
    stm32l4xx_hal_uart_ex.o         2
    stm32l4xx_it.o                 68
    system_stm32l4xx.o             96       73        4
    tim.o                         140                76
    usart.o                       360               256
    ---------------------------------------------------
    Total:                     11 896       85    1 496

dl7M_tlf.a: [2]
    abort.o                         6
    dlmalloc.o                  5 344               496
    exit.o                          4
    heaptramp0.o                    4
    low_level_init.o                4
    xgetmemchunk.o                 44                 4
    ---------------------------------------------------
    Total:                      5 406               500

m7M_tls.a: [3]
    fpinit_M.o                     34
    ---------------------------------------------------
    Total:                         34

rt7M_tl.a: [4]
    ABImemclr4.o                    6
    ABImemset.o                   102
    ABImemset48.o                  50
    I64DivMod.o                   560
    I64DivZer.o                     2
    cexit.o                        10
    cmain.o                        30
    cstartup_M.o                   12
    data_init.o                    40
    packbits_init_single.o         56
    zero_init3.o                   58
    ---------------------------------------------------
    Total:                        926

shb_l.a: [5]
    exit.o                         20
    ---------------------------------------------------
    Total:                         20

    Gaps                           18        4
    Linker created                          32    1 536
-------------------------------------------------------
    Grand Total:               18 300      121    3 532


*******************************************************************************
*** ENTRY LIST
***

Entry                       Address   Size  Type      Object
-----                       -------   ----  ----      ------
.iar.init_table$$Base    0x800'466c          --   Gb  - Linker created -
.iar.init_table$$Limit   0x800'468c          --   Gb  - Linker created -
?main                    0x800'468d         Code  Gb  cmain.o [4]
AHBPrescTable            0x800'46c0   0x10  Data  Gb  system_stm32l4xx.o [1]
APBPrescTable            0x800'46ec    0x8  Data  Gb  system_stm32l4xx.o [1]
BusFault_Handler         0x800'4563    0x2  Code  Gb  stm32l4xx_it.o [1]
CSTACK$$Base            0x2000'07d0          --   Gb  - Linker created -
CSTACK$$Limit           0x2000'0bd0          --   Gb  - Linker created -
Data_Analy               0x800'30b1   0xd2  Code  Gb  main.o [1]
DebugMon_Handler         0x800'4569    0x2  Code  Gb  stm32l4xx_it.o [1]
Erase_ST_Flash           0x800'34c1   0x58  Code  Gb  internalflash.o [1]
Error_Handler            0x800'32bd    0x2  Code  Gb  main.o [1]
FLASH_FlushCaches        0x800'3f9f   0x62  Code  Gb  stm32l4xx_hal_flash_ex.o [1]
FLASH_MassErase          0x800'3f57   0x1e  Code  Lc  stm32l4xx_hal_flash_ex.o [1]
FLASH_PageErase          0x800'3f75   0x2a  Code  Gb  stm32l4xx_hal_flash_ex.o [1]
FLASH_Program_DoubleWord
                         0x800'3dfb   0x1a  Code  Lc  stm32l4xx_hal_flash.o [1]
FLASH_Program_Fast       0x800'3e15   0x32  Code  Lc  stm32l4xx_hal_flash.o [1]
FLASH_WaitForLastOperation
                         0x800'3d95   0x66  Code  Gb  stm32l4xx_hal_flash.o [1]
Funtioncode             0x2000'07ce    0x1  Data  Gb  main.o [1]
HAL_DMA_Abort_IT         0x800'2dbd   0x5e  Code  Gb  stm32l4xx_hal_dma.o [1]
HAL_FLASHEx_Erase        0x800'3e6d   0xea  Code  Gb  stm32l4xx_hal_flash_ex.o [1]
HAL_FLASH_Lock           0x800'3d87    0xe  Code  Gb  stm32l4xx_hal_flash.o [1]
HAL_FLASH_Program        0x800'3cb5   0xb0  Code  Gb  stm32l4xx_hal_flash.o [1]
HAL_FLASH_Unlock         0x800'3d65   0x22  Code  Gb  stm32l4xx_hal_flash.o [1]
HAL_GPIO_Init            0x800'32c9  0x1ca  Code  Gb  stm32l4xx_hal_gpio.o [1]
HAL_GetTick              0x800'2119    0xc  Code  Wk  stm32l4xx_hal.o [1]
HAL_IncTick              0x800'45a1   0x18  Code  Wk  stm32l4xx_hal.o [1]
HAL_Init                 0x800'3611   0x24  Code  Gb  stm32l4xx_hal.o [1]
HAL_InitTick             0x800'20b9   0x60  Code  Wk  stm32l4xx_hal.o [1]
HAL_MspInit              0x800'4015   0x38  Code  Gb  stm32l4xx_hal_msp.o [1]
HAL_NVIC_EnableIRQ       0x800'22d9    0xe  Code  Gb  stm32l4xx_hal_cortex.o [1]
HAL_NVIC_SetPriority     0x800'22af   0x2a  Code  Gb  stm32l4xx_hal_cortex.o [1]
HAL_NVIC_SetPriorityGrouping
                         0x800'22a3    0xc  Code  Gb  stm32l4xx_hal_cortex.o [1]
HAL_PWREx_ControlVoltageScaling
                         0x800'2131   0x76  Code  Gb  stm32l4xx_hal_pwr_ex.o [1]
HAL_PWREx_GetVoltageRange
                         0x800'2125    0xc  Code  Gb  stm32l4xx_hal_pwr_ex.o [1]
HAL_PWR_EnableBkUpAccess
                         0x800'37d1    0xc  Code  Gb  stm32l4xx_hal_pwr.o [1]
HAL_RCCEx_PeriphCLKConfig
                         0x800'37e1  0x304  Code  Gb  stm32l4xx_hal_rcc_ex.o [1]
HAL_RCC_ClockConfig      0x800'1d87  0x14c  Code  Gb  stm32l4xx_hal_rcc.o [1]
HAL_RCC_GetHCLKFreq      0x800'1fa7    0x6  Code  Gb  stm32l4xx_hal_rcc.o [1]
HAL_RCC_GetPCLK1Freq     0x800'1fad   0x1a  Code  Gb  stm32l4xx_hal_rcc.o [1]
HAL_RCC_GetPCLK2Freq     0x800'1fc7   0x1a  Code  Gb  stm32l4xx_hal_rcc.o [1]
HAL_RCC_GetSysClockFreq
                         0x800'1ed3   0xd4  Code  Gb  stm32l4xx_hal_rcc.o [1]
HAL_RCC_OscConfig        0x800'16ed  0x69a  Code  Gb  stm32l4xx_hal_rcc.o [1]
HAL_RTC_Init             0x800'404d   0xb4  Code  Gb  stm32l4xx_hal_rtc.o [1]
HAL_RTC_MspInit          0x800'36bb   0x14  Code  Gb  rtc.o [1]
HAL_RTC_WaitForSynchro   0x800'4101   0x34  Code  Gb  stm32l4xx_hal_rtc.o [1]
HAL_SYSTICK_Config       0x800'22e7    0xc  Code  Gb  stm32l4xx_hal_cortex.o [1]
HAL_TIMEx_Break2Callback
                         0x800'44f7    0x2  Code  Wk  stm32l4xx_hal_tim_ex.o [1]
HAL_TIMEx_BreakCallback
                         0x800'44f5    0x2  Code  Wk  stm32l4xx_hal_tim_ex.o [1]
HAL_TIMEx_CommutCallback
                         0x800'44fb    0x2  Code  Wk  stm32l4xx_hal_tim_ex.o [1]
HAL_TIMEx_MasterConfigSynchronization
                         0x800'4471   0x74  Code  Gb  stm32l4xx_hal_tim_ex.o [1]
HAL_TIM_Base_Init        0x800'41e9   0x7a  Code  Gb  stm32l4xx_hal_tim.o [1]
HAL_TIM_Base_MspInit     0x800'372b   0x32  Code  Gb  tim.o [1]
HAL_TIM_IRQHandler       0x800'4263  0x194  Code  Gb  stm32l4xx_hal_tim.o [1]
HAL_UARTEx_WakeupCallback
                         0x800'2e1d    0x2  Code  Wk  stm32l4xx_hal_uart_ex.o [1]
HAL_UART_IRQHandler      0x800'2475  0x1b0  Code  Gb  stm32l4xx_hal_uart.o [1]
HAL_UART_Init            0x800'2315   0x7a  Code  Gb  stm32l4xx_hal_uart.o [1]
HAL_UART_MspInit         0x800'2ccd   0xce  Code  Gb  usart.o [1]
HAL_UART_Receive_IT      0x800'238f   0xe6  Code  Gb  stm32l4xx_hal_uart.o [1]
HAL_UART_RxCpltCallback
                         0x800'3055   0x5c  Code  Gb  main.o [1]
HEAP$$Base              0x2000'0bd0          --   Gb  - Linker created -
HEAP$$Limit             0x2000'0dd0          --   Gb  - Linker created -
HardFault_Handler        0x800'455f    0x2  Code  Gb  stm32l4xx_it.o [1]
MSIRangeTable            0x800'45f0   0x30  Data  Gb  system_stm32l4xx.o [1]
MX_GPIO_Init             0x800'3635   0x54  Code  Gb  gpio.o [1]
MX_RTC_Init              0x800'3689   0x32  Code  Gb  rtc.o [1]
MX_TIM6_Init             0x800'36dd   0x4e  Code  Gb  tim.o [1]
MX_USART1_UART_Init      0x800'2c55   0x3c  Code  Gb  usart.o [1]
MX_USART2_UART_Init      0x800'2c91   0x3c  Code  Gb  usart.o [1]
MemManage_Handler        0x800'4561    0x2  Code  Gb  stm32l4xx_it.o [1]
NMI_Handler              0x800'455d    0x2  Code  Gb  stm32l4xx_it.o [1]
NVIC_EncodePriority      0x800'2233   0x40  Code  Lc  stm32l4xx_hal_cortex.o [1]
PendSV_Handler           0x800'456b    0x2  Code  Gb  stm32l4xx_it.o [1]
RCCEx_PLLSAI1_Config     0x800'3af9  0x16e  Code  Lc  stm32l4xx_hal_rcc_ex.o [1]
RCC_SetFlashLatencyFromMSIRange
                         0x800'1ff5   0x8a  Code  Lc  stm32l4xx_hal_rcc.o [1]
RTC_EnterInitMode        0x800'4135   0x4c  Code  Gb  stm32l4xx_hal_rtc.o [1]
RTC_ExitInitMode         0x800'4181   0x58  Code  Gb  stm32l4xx_hal_rtc.o [1]
Region$$Table$$Base      0x800'466c          --   Gb  - Linker created -
Region$$Table$$Limit     0x800'468c          --   Gb  - Linker created -
SVC_Handler              0x800'4567    0x2  Code  Gb  stm32l4xx_it.o [1]
SysTick_Config           0x800'2273   0x30  Code  Lc  stm32l4xx_hal_cortex.o [1]
SysTick_Handler          0x800'456d    0x8  Code  Gb  stm32l4xx_it.o [1]
SystemClock_Config       0x800'31d9   0xba  Code  Gb  main.o [1]
SystemCoreClock         0x2000'0024    0x4  Data  Gb  system_stm32l4xx.o [1]
SystemInit               0x800'44fd   0x42  Code  Gb  system_stm32l4xx.o [1]
TIM6_DAC_IRQHandler      0x800'4589    0xa  Code  Gb  stm32l4xx_it.o [1]
TIM_Base_SetConfig       0x800'43f7   0x6e  Code  Gb  stm32l4xx_hal_tim.o [1]
UART_AdvFeatureConfig    0x800'292d   0xda  Code  Gb  stm32l4xx_hal_uart.o [1]
UART_CheckIdleState      0x800'2a07   0x68  Code  Gb  stm32l4xx_hal_uart.o [1]
UART_DMAAbortOnError     0x800'2b41   0x1a  Code  Lc  stm32l4xx_hal_uart.o [1]
UART_EndRxTransfer       0x800'2b1f   0x22  Code  Lc  stm32l4xx_hal_uart.o [1]
UART_EndTransmit_IT      0x800'2b5d   0x20  Code  Lc  stm32l4xx_hal_uart.o [1]
UART_RxISR_16BIT         0x800'2be7   0x6c  Code  Lc  stm32l4xx_hal_uart.o [1]
UART_RxISR_8BIT          0x800'2b7d   0x6a  Code  Lc  stm32l4xx_hal_uart.o [1]
UART_SetConfig           0x800'262d  0x2de  Code  Gb  stm32l4xx_hal_uart.o [1]
UART_WaitOnFlagUntilTimeout
                         0x800'2a6f   0xb0  Code  Gb  stm32l4xx_hal_uart.o [1]
USART1_IRQHandler        0x800'4575    0xa  Code  Gb  stm32l4xx_it.o [1]
USART2_IRQHandler        0x800'457f    0xa  Code  Gb  stm32l4xx_it.o [1]
UsageFault_Handler       0x800'4565    0x2  Code  Gb  stm32l4xx_it.o [1]
Write_Data_Flash         0x800'357f   0x8a  Code  Gb  internalflash.o [1]
Write_ST_Flash           0x800'3519   0x66  Code  Gb  internalflash.o [1]
__NVIC_EnableIRQ         0x800'21e9   0x1e  Code  Lc  stm32l4xx_hal_cortex.o [1]
__NVIC_GetPriorityGrouping
                         0x800'21db    0xc  Code  Lc  stm32l4xx_hal_cortex.o [1]
__NVIC_SetPriority       0x800'2207   0x2c  Code  Lc  stm32l4xx_hal_cortex.o [1]
__NVIC_SetPriorityGrouping
                         0x800'21b9   0x22  Code  Lc  stm32l4xx_hal_cortex.o [1]
__aeabi_ldiv0            0x800'34bd         Code  Gb  I64DivZer.o [4]
__aeabi_memclr4          0x800'32c1         Code  Gb  ABImemclr4.o [4]
__aeabi_memset           0x800'3769         Code  Gb  ABImemset.o [4]
__aeabi_uldivmod         0x800'2e21         Code  Gb  I64DivMod.o [4]
__cmain                  0x800'468d         Code  Gb  cmain.o [4]
__data_GetMemChunk       0x800'16ad   0x2c  Code  Gb  xgetmemchunk.o [2]
__data_GetMemChunk::start
                        0x2000'07c4    0x4  Data  Lc  xgetmemchunk.o [2]
__exit                   0x800'16d9   0x14  Code  Gb  exit.o [5]
__iar_Memset             0x800'3769         Code  Gb  ABImemset.o [4]
__iar_Memset4_word       0x800'3c81         Code  Gb  ABImemset48.o [4]
__iar_Memset8_word       0x800'3c81         Code  Gb  ABImemset48.o [4]
__iar_Memset_word        0x800'3771         Code  Gb  ABImemset.o [4]
__iar_data_init3         0x800'4621   0x28  Code  Gb  data_init.o [4]
__iar_dlfree             0x800'116b  0x4f6  Code  Gb  dlmalloc.o [2]
__iar_dlmalloc           0x800'0eb5  0x2b6  Code  Gb  dlmalloc.o [2]
__iar_init_vfp           0x800'4649         Code  Gb  fpinit_M.o [3]
__iar_packbits_init_single3
                         0x800'45b9   0x38  Code  Gb  packbits_init_single.o [4]
__iar_program_start      0x800'46e1         Code  Gb  cstartup_M.o [4]
__iar_zero_init3         0x800'1673   0x3a  Code  Gb  zero_init3.o [4]
__low_level_init         0x800'46ab    0x4  Code  Gb  low_level_init.o [2]
__vector_table           0x800'0000         Data  Gb  startup_stm32l431xx.o [1]
_call_main               0x800'4699         Code  Gb  cmain.o [4]
_exit                    0x800'46b5         Code  Gb  cexit.o [4]
_gm_                    0x2000'0460  0x1d8  Data  Lc  dlmalloc.o [2]
_main                    0x800'46a7         Code  Gb  cmain.o [4]
abort                    0x800'166d    0x6  Code  Gb  abort.o [2]
add_segment              0x800'0555  0x1f2  Code  Lc  dlmalloc.o [2]
exit                     0x800'46af    0x4  Code  Gb  exit.o [2]
free                     0x800'4011    0x4  Code  Gb  heaptramp0.o [2]
hrtc                    0x2000'0784   0x24  Data  Gb  rtc.o [1]
htim6                   0x2000'0738   0x4c  Data  Gb  tim.o [1]
huart1                  0x2000'0638   0x80  Data  Gb  usart.o [1]
huart2                  0x2000'06b8   0x80  Data  Gb  usart.o [1]
init_mparams             0x800'01a7   0x32  Code  Lc  dlmalloc.o [2]
init_top                 0x800'01d9   0x36  Code  Lc  dlmalloc.o [2]
main                     0x800'3183   0x56  Code  Gb  main.o [1]
mparams                 0x2000'07a8   0x18  Data  Lc  dlmalloc.o [2]
pFlash                  0x2000'0004   0x20  Data  Gb  stm32l4xx_hal_flash.o [1]
prepend_alloc            0x800'020f  0x346  Code  Lc  dlmalloc.o [2]
segment_holding          0x800'018d   0x1a  Code  Lc  dlmalloc.o [2]
sys_alloc                0x800'074d  0x164  Code  Lc  dlmalloc.o [2]
sys_trim                 0x800'08b1   0x64  Code  Lc  dlmalloc.o [2]
tmalloc_large            0x800'0921  0x386  Code  Lc  dlmalloc.o [2]
tmalloc_small            0x800'0ca7  0x200  Code  Lc  dlmalloc.o [2]
uart1Data               0x2000'002c  0x434  Data  Gb  main.o [1]
uart1Revflag            0x2000'07cc    0x1  Data  Gb  main.o [1]
uart1RxDatatmp          0x2000'07cd    0x1  Data  Gb  main.o [1]
uart1len                0x2000'07c8    0x2  Data  Gb  main.o [1]
uart1packlen            0x2000'07ca    0x2  Data  Gb  main.o [1]
uwTick                  0x2000'07c0    0x4  Data  Gb  stm32l4xx_hal.o [1]
uwTickFreq              0x2000'0028    0x1  Data  Gb  stm32l4xx_hal.o [1]
uwTickPrio              0x2000'0000    0x4  Data  Gb  stm32l4xx_hal.o [1]


[1] = G:\mygithub\eTable_bootloader\EWARM\eTable_bootloader\Obj
[2] = dl7M_tlf.a
[3] = m7M_tls.a
[4] = rt7M_tl.a
[5] = shb_l.a

  18 300 bytes of readonly  code memory
     121 bytes of readonly  data memory
   3 532 bytes of readwrite data memory

Errors: none
Warnings: none
