###############################################################################
#
# IAR ELF Linker V8.32.3.193/W32 for ARM                  12/Jul/2021  15:45:47
# Copyright 2007-2019 IAR Systems AB.
#
#    Output file  =  
#        E:\MYGITHUB\eTable_bootloader\EWARM\eTable_bootloader\Exe\eTable_bootloader.out
#    Map file     =  
#        E:\MYGITHUB\eTable_bootloader\EWARM\eTable_bootloader\List\eTable_bootloader.map
#    Command line =  
#        -f C:\Users\LY\AppData\Local\Temp\EWC292.tmp
#        (E:\MYGITHUB\eTable_bootloader\EWARM\eTable_bootloader\Obj\gpio.o
#        E:\MYGITHUB\eTable_bootloader\EWARM\eTable_bootloader\Obj\internalflash.o
#        E:\MYGITHUB\eTable_bootloader\EWARM\eTable_bootloader\Obj\main.o
#        E:\MYGITHUB\eTable_bootloader\EWARM\eTable_bootloader\Obj\mbcrc.o
#        E:\MYGITHUB\eTable_bootloader\EWARM\eTable_bootloader\Obj\rtc.o
#        E:\MYGITHUB\eTable_bootloader\EWARM\eTable_bootloader\Obj\startup_stm32l431xx.o
#        E:\MYGITHUB\eTable_bootloader\EWARM\eTable_bootloader\Obj\stm32l4xx_hal.o
#        E:\MYGITHUB\eTable_bootloader\EWARM\eTable_bootloader\Obj\stm32l4xx_hal_cortex.o
#        E:\MYGITHUB\eTable_bootloader\EWARM\eTable_bootloader\Obj\stm32l4xx_hal_dma.o
#        E:\MYGITHUB\eTable_bootloader\EWARM\eTable_bootloader\Obj\stm32l4xx_hal_dma_ex.o
#        E:\MYGITHUB\eTable_bootloader\EWARM\eTable_bootloader\Obj\stm32l4xx_hal_exti.o
#        E:\MYGITHUB\eTable_bootloader\EWARM\eTable_bootloader\Obj\stm32l4xx_hal_flash.o
#        E:\MYGITHUB\eTable_bootloader\EWARM\eTable_bootloader\Obj\stm32l4xx_hal_flash_ex.o
#        E:\MYGITHUB\eTable_bootloader\EWARM\eTable_bootloader\Obj\stm32l4xx_hal_flash_ramfunc.o
#        E:\MYGITHUB\eTable_bootloader\EWARM\eTable_bootloader\Obj\stm32l4xx_hal_gpio.o
#        E:\MYGITHUB\eTable_bootloader\EWARM\eTable_bootloader\Obj\stm32l4xx_hal_i2c.o
#        E:\MYGITHUB\eTable_bootloader\EWARM\eTable_bootloader\Obj\stm32l4xx_hal_i2c_ex.o
#        E:\MYGITHUB\eTable_bootloader\EWARM\eTable_bootloader\Obj\stm32l4xx_hal_msp.o
#        E:\MYGITHUB\eTable_bootloader\EWARM\eTable_bootloader\Obj\stm32l4xx_hal_pwr.o
#        E:\MYGITHUB\eTable_bootloader\EWARM\eTable_bootloader\Obj\stm32l4xx_hal_pwr_ex.o
#        E:\MYGITHUB\eTable_bootloader\EWARM\eTable_bootloader\Obj\stm32l4xx_hal_rcc.o
#        E:\MYGITHUB\eTable_bootloader\EWARM\eTable_bootloader\Obj\stm32l4xx_hal_rcc_ex.o
#        E:\MYGITHUB\eTable_bootloader\EWARM\eTable_bootloader\Obj\stm32l4xx_hal_rtc.o
#        E:\MYGITHUB\eTable_bootloader\EWARM\eTable_bootloader\Obj\stm32l4xx_hal_rtc_ex.o
#        E:\MYGITHUB\eTable_bootloader\EWARM\eTable_bootloader\Obj\stm32l4xx_hal_tim.o
#        E:\MYGITHUB\eTable_bootloader\EWARM\eTable_bootloader\Obj\stm32l4xx_hal_tim_ex.o
#        E:\MYGITHUB\eTable_bootloader\EWARM\eTable_bootloader\Obj\stm32l4xx_hal_uart.o
#        E:\MYGITHUB\eTable_bootloader\EWARM\eTable_bootloader\Obj\stm32l4xx_hal_uart_ex.o
#        E:\MYGITHUB\eTable_bootloader\EWARM\eTable_bootloader\Obj\stm32l4xx_it.o
#        E:\MYGITHUB\eTable_bootloader\EWARM\eTable_bootloader\Obj\system_stm32l4xx.o
#        E:\MYGITHUB\eTable_bootloader\EWARM\eTable_bootloader\Obj\tim.o
#        E:\MYGITHUB\eTable_bootloader\EWARM\eTable_bootloader\Obj\usart.o
#        --redirect _Printf=_PrintfFull --redirect _Scanf=_ScanfFull
#        --no_out_extension -o
#        E:\MYGITHUB\eTable_bootloader\EWARM\eTable_bootloader\Exe\eTable_bootloader.out
#        --map
#        E:\MYGITHUB\eTable_bootloader\EWARM\eTable_bootloader\List\eTable_bootloader.map
#        --config E:\MYGITHUB\eTable_bootloader\EWARM/stm32l431xx_flash.icf
#        --semihosting --entry __iar_program_start --vfe --text_out locale)
#
###############################################################################

*******************************************************************************
*** RUNTIME MODEL ATTRIBUTES
***

CppFlavor       = *
__Heap_Handler  = DLMalloc
__SystemLibrary = DLib
__dlib_version  = 6


*******************************************************************************
*** HEAP SELECTION
***

The advanced heap was selected because the application calls memory
allocation functions outside of system library functions, and there
are calls to deallocation functions in the application.


*******************************************************************************
*** PLACEMENT SUMMARY
***

"A0":  place at 0x800'0000 { ro section .intvec };
"P1":  place in [from 0x800'0000 to 0x803'ffff] { ro };
define block CSTACK with size = 1K, alignment = 8 { };
define block HEAP with size = 512, alignment = 8 { };
"P2":  place in [from 0x2000'0000 to 0x2000'ffff] {
          rw, block CSTACK, block HEAP };
initialize by copy { rw };

  Section            Kind         Address    Size  Object
  -------            ----         -------    ----  ------
"A0":                                       0x18c
  .intvec            ro code   0x800'0000   0x18c  startup_stm32l431xx.o [1]
                             - 0x800'018c   0x18c

"P1":                                      0x6a06
  .text              ro code   0x800'018c  0x14e0  dlmalloc.o [2]
  .text              ro code   0x800'166c     0x6  abort.o [2]
  .text              ro code   0x800'1672    0x7a  lz77_init_single.o [4]
  .text              ro code   0x800'16ec    0x2c  xgetmemchunk.o [2]
  .text              ro code   0x800'1718    0x14  exit.o [5]
  .text              ro code   0x800'172c   0xf46  xprintffull.o [2]
  .text              ro code   0x800'2672    0x3a  zero_init3.o [4]
  .text              ro code   0x800'26ac    0x78  xlocale_c.o [2]
  .text              ro code   0x800'2724    0x16  strchr.o [4]
  .text              ro code   0x800'273a    0x1e  xencoding_8859_1.o [2]
  .text              ro code   0x800'2758    0x40  xfail_s.o [2]
  .text              ro code   0x800'2798    0x36  strlen.o [4]
  .text              ro code   0x800'27d0    0x58  memchr.o [4]
  .text              ro code   0x800'2828     0xa  xmbcurmax.o [2]
  .text              ro code   0x800'2834    0xa6  ABImemcpy.o [4]
  .text              ro code   0x800'28dc   0x230  I64DivMod.o [4]
  .text              ro code   0x800'2b0c   0x1a2  DblMul.o [3]
  .text              ro code   0x800'2cb0    0x70  frexp.o [3]
  .text              ro code   0x800'2d20    0x2e  DblCmpLe.o [3]
  .text              ro code   0x800'2d50    0x2e  DblCmpGe.o [3]
  .text              ro code   0x800'2d80   0x13a  ldexp.o [3]
  .text              ro code   0x800'2ebc    0x3a  DblToS32.o [3]
  .text              ro code   0x800'2ef8    0x22  S32ToDbl.o [3]
  .text              ro code   0x800'2f1c    0xe2  DblSub.o [3]
  .text              ro code   0x800'3000   0x246  DblDiv.o [3]
  .text              ro code   0x800'3248    0x28  DblToU32.o [3]
  .text              ro code   0x800'3270    0x1a  U32ToDbl.o [3]
  .text              ro code   0x800'328c     0x2  I64DivZer.o [4]
  .text              ro code   0x800'3290   0x16a  DblAdd.o [3]
  .text              ro code   0x800'33fc   0xa1a  stm32l4xx_hal_uart.o [1]
  .text              ro code   0x800'3e18   0x180  usart.o [1]
  .text              ro code   0x800'3f98     0xc  stm32l4xx_hal.o [1]
  .text              ro code   0x800'3fa4    0x5e  stm32l4xx_hal_dma.o [1]
  .text              ro code   0x800'4002     0x2  stm32l4xx_hal_uart.o [1]
  .text              ro code   0x800'4004     0x2  stm32l4xx_hal_uart_ex.o [1]
  .text              ro code   0x800'4008   0x9cc  stm32l4xx_hal_rcc.o [1]
  .text              ro code   0x800'49d4     0x2  stm32l4xx_hal_uart.o [1]
  .text              ro code   0x800'49d8   0x612  main.o [1]
  .text              ro code   0x800'4fec     0x6  ABImemclr4.o [4]
  .text              ro code   0x800'4ff4   0x1f4  stm32l4xx_hal_gpio.o [1]
  .text              ro code   0x800'51e8   0x15c  stm32l4xx_hal_cortex.o [1]
  .text              ro code   0x800'5344    0x60  stm32l4xx_hal.o [1]
  .text              ro code   0x800'53a4    0x94  stm32l4xx_hal_pwr_ex.o [1]
  .text              ro code   0x800'5438   0x338  stm32l4xx_hal_tim.o [1]
  .text              ro code   0x800'5770    0x44  mbcrc.o [1]
  .text              ro code   0x800'57b4   0x14c  internalflash.o [1]
  .text              ro code   0x800'5900    0x24  stm32l4xx_hal.o [1]
  .text              ro code   0x800'5924    0x54  gpio.o [1]
  .text              ro code   0x800'5978    0x54  rtc.o [1]
  .text              ro code   0x800'59cc   0x110  tim.o [1]
  .text              ro code   0x800'5adc    0x28  printf.o [2]
  .text              ro code   0x800'5b04    0x66  ABImemset.o [4]
  .text              ro code   0x800'5b6c    0x28  stm32l4xx_hal.o [1]
  .text              ro code   0x800'5b94    0x10  stm32l4xx_hal_pwr.o [1]
  .text              ro code   0x800'5ba4   0x4a0  stm32l4xx_hal_rcc_ex.o [1]
  .text              ro code   0x800'6044    0x32  ABImemset48.o [4]
  .text              ro code   0x800'6076     0x2  stm32l4xx_hal_tim.o [1]
  .text              ro code   0x800'6078     0x2  stm32l4xx_hal_tim.o [1]
  .text              ro code   0x800'607a     0x2  stm32l4xx_hal_tim.o [1]
  .text              ro code   0x800'607c     0x2  stm32l4xx_hal_tim_ex.o [1]
  .text              ro code   0x800'607e     0x2  stm32l4xx_hal_tim_ex.o [1]
  .text              ro code   0x800'6080     0x2  stm32l4xx_hal_tim.o [1]
  .text              ro code   0x800'6082     0x2  stm32l4xx_hal_tim_ex.o [1]
  .text              ro code   0x800'6084   0x1b8  stm32l4xx_hal_flash.o [1]
  .text              ro code   0x800'623c   0x1a4  stm32l4xx_hal_flash_ex.o [1]
  .text              ro code   0x800'63e0     0x4  heaptramp0.o [2]
  .text              ro code   0x800'63e4    0x38  stm32l4xx_hal_msp.o [1]
  .text              ro code   0x800'641c   0x19c  stm32l4xx_hal_rtc.o [1]
  .text              ro code   0x800'65b8    0x7c  stm32l4xx_hal_tim_ex.o [1]
  .rodata            const     0x800'6634   0x100  mbcrc.o [1]
  .rodata            const     0x800'6734   0x100  mbcrc.o [1]
  .text              ro code   0x800'6834    0x60  system_stm32l4xx.o [1]
  .text              ro code   0x800'6894    0x50  stm32l4xx_it.o [1]
  .text              ro code   0x800'68e4    0x18  stm32l4xx_hal.o [1]
  .rodata            const     0x800'68fc    0x30  system_stm32l4xx.o [1]
  .text              ro code   0x800'692c    0x28  data_init.o [4]
  .text              ro code   0x800'6954    0x22  fpinit_M.o [3]
  .iar.init_table    const     0x800'6978    0x20  - Linker created -
  .text              ro code   0x800'6998    0x1e  cmain.o [4]
  .text              ro code   0x800'69b6     0x4  low_level_init.o [2]
  .text              ro code   0x800'69ba     0x4  exit.o [2]
  .text              ro code   0x800'69c0     0xa  cexit.o [4]
  .rodata            const     0x800'69cc    0x18  main.o [1]
  .text              ro code   0x800'69e4    0x16  xprout.o [2]
  .text              ro code   0x800'69fc     0xc  putchar.o [2]
  .rodata            const     0x800'6a08    0x10  system_stm32l4xx.o [1]
  .text              ro code   0x800'6a18    0x10  startup_stm32l431xx.o [1]
  .rodata            const     0x800'6a28     0xc  main.o [1]
  .text              ro code   0x800'6a34     0xc  cstartup_M.o [4]
  .rodata            const     0x800'6a40     0x8  system_stm32l4xx.o [1]
  .rodata            const     0x800'6a48     0x6  xlocale_c.o [2]
  .text              ro code   0x800'6a4e     0x4  startup_stm32l431xx.o [1]
  .text              ro code   0x800'6a52     0x4  startup_stm32l431xx.o [1]
  .text              ro code   0x800'6a56     0x4  startup_stm32l431xx.o [1]
  .text              ro code   0x800'6a5a     0x4  startup_stm32l431xx.o [1]
  .text              ro code   0x800'6a5e     0x4  startup_stm32l431xx.o [1]
  .text              ro code   0x800'6a62     0x4  startup_stm32l431xx.o [1]
  .text              ro code   0x800'6a66     0x4  startup_stm32l431xx.o [1]
  .text              ro code   0x800'6a6a     0x4  startup_stm32l431xx.o [1]
  .text              ro code   0x800'6a6e     0x4  startup_stm32l431xx.o [1]
  .text              ro code   0x800'6a72     0x4  startup_stm32l431xx.o [1]
  .text              ro code   0x800'6a76     0x4  startup_stm32l431xx.o [1]
  .text              ro code   0x800'6a7a     0x4  startup_stm32l431xx.o [1]
  .text              ro code   0x800'6a7e     0x4  startup_stm32l431xx.o [1]
  .text              ro code   0x800'6a82     0x4  startup_stm32l431xx.o [1]
  .text              ro code   0x800'6a86     0x4  startup_stm32l431xx.o [1]
  .text              ro code   0x800'6a8a     0x4  startup_stm32l431xx.o [1]
  .text              ro code   0x800'6a8e     0x4  startup_stm32l431xx.o [1]
  .text              ro code   0x800'6a92     0x4  startup_stm32l431xx.o [1]
  .text              ro code   0x800'6a96     0x4  startup_stm32l431xx.o [1]
  .text              ro code   0x800'6a9a     0x4  startup_stm32l431xx.o [1]
  .text              ro code   0x800'6a9e     0x4  startup_stm32l431xx.o [1]
  .text              ro code   0x800'6aa2     0x4  startup_stm32l431xx.o [1]
  .text              ro code   0x800'6aa6     0x4  startup_stm32l431xx.o [1]
  .text              ro code   0x800'6aaa     0x4  startup_stm32l431xx.o [1]
  .text              ro code   0x800'6aae     0x4  startup_stm32l431xx.o [1]
  .text              ro code   0x800'6ab2     0x4  startup_stm32l431xx.o [1]
  .text              ro code   0x800'6ab6     0x4  startup_stm32l431xx.o [1]
  .text              ro code   0x800'6aba     0x4  startup_stm32l431xx.o [1]
  .text              ro code   0x800'6abe     0x4  startup_stm32l431xx.o [1]
  .text              ro code   0x800'6ac2     0x4  startup_stm32l431xx.o [1]
  .text              ro code   0x800'6ac6     0x4  startup_stm32l431xx.o [1]
  .text              ro code   0x800'6aca     0x4  startup_stm32l431xx.o [1]
  .text              ro code   0x800'6ace     0x4  startup_stm32l431xx.o [1]
  .text              ro code   0x800'6ad2     0x4  startup_stm32l431xx.o [1]
  .text              ro code   0x800'6ad6     0x4  startup_stm32l431xx.o [1]
  .text              ro code   0x800'6ada     0x4  startup_stm32l431xx.o [1]
  .text              ro code   0x800'6ade     0x4  startup_stm32l431xx.o [1]
  .text              ro code   0x800'6ae2     0x4  startup_stm32l431xx.o [1]
  .text              ro code   0x800'6ae6     0x4  startup_stm32l431xx.o [1]
  .text              ro code   0x800'6aea     0x4  startup_stm32l431xx.o [1]
  .text              ro code   0x800'6aee     0x4  startup_stm32l431xx.o [1]
  .text              ro code   0x800'6af2     0x4  startup_stm32l431xx.o [1]
  .text              ro code   0x800'6af6     0x4  startup_stm32l431xx.o [1]
  .text              ro code   0x800'6afa     0x4  startup_stm32l431xx.o [1]
  .text              ro code   0x800'6afe     0x4  startup_stm32l431xx.o [1]
  .text              ro code   0x800'6b02     0x4  startup_stm32l431xx.o [1]
  .text              ro code   0x800'6b06     0x4  startup_stm32l431xx.o [1]
  .text              ro code   0x800'6b0a     0x4  startup_stm32l431xx.o [1]
  .text              ro code   0x800'6b0e     0x4  startup_stm32l431xx.o [1]
  .text              ro code   0x800'6b12     0x4  startup_stm32l431xx.o [1]
  .text              ro code   0x800'6b16     0x4  startup_stm32l431xx.o [1]
  .text              ro code   0x800'6b1a     0x4  startup_stm32l431xx.o [1]
  .text              ro code   0x800'6b1e     0x4  startup_stm32l431xx.o [1]
  .text              ro code   0x800'6b22     0x4  startup_stm32l431xx.o [1]
  .text              ro code   0x800'6b26     0x4  startup_stm32l431xx.o [1]
  .text              ro code   0x800'6b2a     0x4  startup_stm32l431xx.o [1]
  .text              ro code   0x800'6b2e     0x4  startup_stm32l431xx.o [1]
  .text              ro code   0x800'6b32     0x4  startup_stm32l431xx.o [1]
  .text              ro code   0x800'6b36     0x4  startup_stm32l431xx.o [1]
  .text              ro code   0x800'6b3a     0x4  startup_stm32l431xx.o [1]
  .rodata            const     0x800'6b3e     0x0  zero_init3.o [4]
  .rodata            const     0x800'6b3e     0x0  lz77_init_single.o [4]
  Initializer bytes  const     0x800'6b3e    0x54  <for P2-1>
                             - 0x800'6b92  0x6a06

"P2", part 1 of 3:                           0xf1
  P2-1                        0x2000'0000    0xf1  <Init block>
    .data            inited   0x2000'0000     0x4  stm32l4xx_hal.o [1]
    .data            inited   0x2000'0004    0x20  stm32l4xx_hal_flash.o [1]
    .data            inited   0x2000'0024     0x4  system_stm32l4xx.o [1]
    .data            inited   0x2000'0028    0x38  xlocale_c.o [2]
    .data            inited   0x2000'0060    0x48  xlocale_c.o [2]
    .data            inited   0x2000'00a8    0x48  xfiles.o [2]
    .data            inited   0x2000'00f0     0x1  stm32l4xx_hal.o [1]
                            - 0x2000'00f1    0xf1

"P2", part 2 of 3:                          0xc84
  .bss               zero     0x2000'00f4   0x434  main.o [1]
  .bss               zero     0x2000'0528   0x434  main.o [1]
  .bss               zero     0x2000'095c   0x1d8  dlmalloc.o [2]
  .bss               zero     0x2000'0b34    0x80  usart.o [1]
  .bss               zero     0x2000'0bb4    0x80  usart.o [1]
  .bss               zero     0x2000'0c34    0x50  xfiles.o [2]
  .bss               zero     0x2000'0c84    0x4c  tim.o [1]
  .bss               zero     0x2000'0cd0    0x4c  tim.o [1]
  .bss               zero     0x2000'0d1c    0x24  rtc.o [1]
  .bss               zero     0x2000'0d40    0x18  dlmalloc.o [2]
  .bss               zero     0x2000'0d58     0x4  stm32l4xx_hal.o [1]
  .bss               zero     0x2000'0d5c     0x4  xgetmemchunk.o [2]
  .bss               zero     0x2000'0d60     0x4  xfail_s.o [2]
  .bss               zero     0x2000'0d64     0x2  main.o [1]
  .bss               zero     0x2000'0d66     0x2  main.o [1]
  .bss               zero     0x2000'0d68     0x2  main.o [1]
  .bss               zero     0x2000'0d6a     0x2  main.o [1]
  .bss               zero     0x2000'0d6c     0x2  main.o [1]
  .bss               zero     0x2000'0d6e     0x2  main.o [1]
  .bss               zero     0x2000'0d70     0x1  main.o [1]
  .bss               zero     0x2000'0d71     0x1  main.o [1]
  .bss               zero     0x2000'0d72     0x1  main.o [1]
  .bss               zero     0x2000'0d73     0x1  main.o [1]
  .bss               zero     0x2000'0d74     0x1  main.o [1]
  .bss               zero     0x2000'0d75     0x1  main.o [1]
  .bss               zero     0x2000'0d76     0x1  main.o [1]
                            - 0x2000'0d77   0xc83

"P2", part 3 of 3:                          0x600
  CSTACK                      0x2000'0d78   0x400  <Block>
    CSTACK           uninit   0x2000'0d78   0x400  <Block tail>
  HEAP                        0x2000'1178   0x200  <Block>
    HEAP             uninit   0x2000'1178   0x200  <Block tail>
                            - 0x2000'1378   0x600

Unused ranges:

         From           To      Size
         ----           --      ----
   0x800'6b92   0x803'ffff  0x3'946e
  0x2000'00f1  0x2000'00f3       0x3
  0x2000'1378  0x2000'ffff    0xec88


*******************************************************************************
*** INIT TABLE
***

          Address      Size
          -------      ----
Zero (__iar_zero_init3)
    1 destination range, total size 0xc83:
          0x2000'00f4  0xc83

Copy/lz77 (__iar_lz77_init_single3)
    1 source range, total size 0x54 (34% of destination):
           0x800'6b3e   0x54
    1 destination range, total size 0xf1:
          0x2000'0000   0xf1



*******************************************************************************
*** MODULE SUMMARY
***

    Module                    ro code  ro data  rw data
    ------                    -------  -------  -------
command line/config:
    ---------------------------------------------------
    Total:

E:\MYGITHUB\eTable_bootloader\EWARM\eTable_bootloader\Obj: [1]
    gpio.o                         84
    internalflash.o               332
    main.o                      1 554       36    2 171
    mbcrc.o                        68      512
    rtc.o                          84                36
    startup_stm32l431xx.o         652
    stm32l4xx_hal.o               208        2        9
    stm32l4xx_hal_cortex.o        348
    stm32l4xx_hal_dma.o            94
    stm32l4xx_hal_flash.o         440       11       32
    stm32l4xx_hal_flash_ex.o      420
    stm32l4xx_hal_gpio.o          500
    stm32l4xx_hal_msp.o            56
    stm32l4xx_hal_pwr.o            16
    stm32l4xx_hal_pwr_ex.o        148
    stm32l4xx_hal_rcc.o         2 508
    stm32l4xx_hal_rcc_ex.o      1 184
    stm32l4xx_hal_rtc.o           412
    stm32l4xx_hal_tim.o           832
    stm32l4xx_hal_tim_ex.o        130
    stm32l4xx_hal_uart.o        2 590
    stm32l4xx_hal_uart_ex.o         2
    stm32l4xx_it.o                 80
    system_stm32l4xx.o             96       73        4
    tim.o                         272               152
    usart.o                       384               256
    ---------------------------------------------------
    Total:                     13 494      634    2 660

dl7M_tlf.a: [2]
    abort.o                         6
    dlmalloc.o                  5 344               496
    exit.o                          4
    heaptramp0.o                    4
    low_level_init.o                4
    printf.o                       40
    putchar.o                      12
    xencoding_8859_1.o             30
    xfail_s.o                      64                 4
    xfiles.o                                25      152
    xgetmemchunk.o                 44                 4
    xlocale_c.o                   120       51      128
    xmbcurmax.o                    10
    xprintffull.o               3 910
    xprout.o                       22
    ---------------------------------------------------
    Total:                      9 614       76      784

m7M_tls.a: [3]
    DblAdd.o                      362
    DblCmpGe.o                     46
    DblCmpLe.o                     46
    DblDiv.o                      582
    DblMul.o                      418
    DblSub.o                      226
    DblToS32.o                     58
    DblToU32.o                     40
    S32ToDbl.o                     34
    U32ToDbl.o                     26
    fpinit_M.o                     34
    frexp.o                       112
    ldexp.o                       314
    ---------------------------------------------------
    Total:                      2 298

rt7M_tl.a: [4]
    ABImemclr4.o                    6
    ABImemcpy.o                   166
    ABImemset.o                   102
    ABImemset48.o                  50
    I64DivMod.o                   560
    I64DivZer.o                     2
    cexit.o                        10
    cmain.o                        30
    cstartup_M.o                   12
    data_init.o                    40
    lz77_init_single.o            122
    memchr.o                       88
    strchr.o                       22
    strlen.o                       54
    zero_init3.o                   58
    ---------------------------------------------------
    Total:                      1 322

shb_l.a: [5]
    exit.o                         20
    ---------------------------------------------------
    Total:                         20

    Gaps                           44        4
    Linker created                          32    1 536
-------------------------------------------------------
    Grand Total:               26 792      746    4 980


*******************************************************************************
*** ENTRY LIST
***

Entry                       Address   Size  Type      Object
-----                       -------   ----  ----      ------
.iar.init_table$$Base    0x800'6978          --   Gb  - Linker created -
.iar.init_table$$Limit   0x800'6998          --   Gb  - Linker created -
?main                    0x800'6999         Code  Gb  cmain.o [4]
AHBPrescTable            0x800'6a08   0x10  Data  Gb  system_stm32l4xx.o [1]
APBPrescTable            0x800'6a40    0x8  Data  Gb  system_stm32l4xx.o [1]
BusFault_Handler         0x800'689b    0x2  Code  Gb  stm32l4xx_it.o [1]
CSTACK$$Base            0x2000'0d78          --   Gb  - Linker created -
CSTACK$$Limit           0x2000'1178          --   Gb  - Linker created -
CacheMore                0x800'26b1   0x24  Code  Lc  xlocale_c.o [2]
Data_Analy               0x800'4b49  0x262  Code  Gb  main.o [1]
DebugMon_Handler         0x800'68a1    0x2  Code  Gb  stm32l4xx_it.o [1]
Erase_ST_Flash           0x800'57b5   0x54  Code  Gb  internalflash.o [1]
Error_Handler            0x800'4fe9    0x2  Code  Gb  main.o [1]
FLASH_FlushCaches        0x800'636f   0x62  Code  Gb  stm32l4xx_hal_flash_ex.o [1]
FLASH_MassErase          0x800'6327   0x1e  Code  Lc  stm32l4xx_hal_flash_ex.o [1]
FLASH_PageErase          0x800'6345   0x2a  Code  Gb  stm32l4xx_hal_flash_ex.o [1]
FLASH_Program_DoubleWord
                         0x800'61cb   0x1a  Code  Lc  stm32l4xx_hal_flash.o [1]
FLASH_Program_Fast       0x800'61e5   0x32  Code  Lc  stm32l4xx_hal_flash.o [1]
FLASH_WaitForLastOperation
                         0x800'6165   0x66  Code  Gb  stm32l4xx_hal_flash.o [1]
Funtioncode             0x2000'0d76    0x1  Data  Gb  main.o [1]
HAL_DMA_Abort_IT         0x800'3fa5   0x5e  Code  Gb  stm32l4xx_hal_dma.o [1]
HAL_Delay                0x800'5b6d   0x28  Code  Wk  stm32l4xx_hal.o [1]
HAL_FLASHEx_Erase        0x800'623d   0xea  Code  Gb  stm32l4xx_hal_flash_ex.o [1]
HAL_FLASH_Lock           0x800'6157    0xe  Code  Gb  stm32l4xx_hal_flash.o [1]
HAL_FLASH_Program        0x800'6085   0xb0  Code  Gb  stm32l4xx_hal_flash.o [1]
HAL_FLASH_Unlock         0x800'6135   0x22  Code  Gb  stm32l4xx_hal_flash.o [1]
HAL_GPIO_Init            0x800'4ff5  0x1ca  Code  Gb  stm32l4xx_hal_gpio.o [1]
HAL_GetTick              0x800'3f99    0xc  Code  Wk  stm32l4xx_hal.o [1]
HAL_IncTick              0x800'68e5   0x18  Code  Wk  stm32l4xx_hal.o [1]
HAL_Init                 0x800'5901   0x24  Code  Gb  stm32l4xx_hal.o [1]
HAL_InitTick             0x800'5345   0x60  Code  Wk  stm32l4xx_hal.o [1]
HAL_MspInit              0x800'63e5   0x38  Code  Gb  stm32l4xx_hal_msp.o [1]
HAL_NVIC_EnableIRQ       0x800'5309    0xe  Code  Gb  stm32l4xx_hal_cortex.o [1]
HAL_NVIC_SetPriority     0x800'52df   0x2a  Code  Gb  stm32l4xx_hal_cortex.o [1]
HAL_NVIC_SetPriorityGrouping
                         0x800'52d3    0xc  Code  Gb  stm32l4xx_hal_cortex.o [1]
HAL_PWREx_ControlVoltageScaling
                         0x800'53b1   0x76  Code  Gb  stm32l4xx_hal_pwr_ex.o [1]
HAL_PWREx_GetVoltageRange
                         0x800'53a5    0xc  Code  Gb  stm32l4xx_hal_pwr_ex.o [1]
HAL_PWR_EnableBkUpAccess
                         0x800'5b95    0xc  Code  Gb  stm32l4xx_hal_pwr.o [1]
HAL_RCCEx_PeriphCLKConfig
                         0x800'5ba5  0x304  Code  Gb  stm32l4xx_hal_rcc_ex.o [1]
HAL_RCC_ClockConfig      0x800'46a3  0x14c  Code  Gb  stm32l4xx_hal_rcc.o [1]
HAL_RCC_GetHCLKFreq      0x800'48c3    0x6  Code  Gb  stm32l4xx_hal_rcc.o [1]
HAL_RCC_GetPCLK1Freq     0x800'48c9   0x1a  Code  Gb  stm32l4xx_hal_rcc.o [1]
HAL_RCC_GetPCLK2Freq     0x800'48e3   0x1a  Code  Gb  stm32l4xx_hal_rcc.o [1]
HAL_RCC_GetSysClockFreq
                         0x800'47ef   0xd4  Code  Gb  stm32l4xx_hal_rcc.o [1]
HAL_RCC_OscConfig        0x800'4009  0x69a  Code  Gb  stm32l4xx_hal_rcc.o [1]
HAL_RTC_Init             0x800'641d   0xb4  Code  Gb  stm32l4xx_hal_rtc.o [1]
HAL_RTC_MspInit          0x800'59ab   0x14  Code  Gb  rtc.o [1]
HAL_RTC_WaitForSynchro   0x800'64d1   0x34  Code  Gb  stm32l4xx_hal_rtc.o [1]
HAL_SYSTICK_Config       0x800'5317    0xc  Code  Gb  stm32l4xx_hal_cortex.o [1]
HAL_TIMEx_Break2Callback
                         0x800'607f    0x2  Code  Wk  stm32l4xx_hal_tim_ex.o [1]
HAL_TIMEx_BreakCallback
                         0x800'607d    0x2  Code  Wk  stm32l4xx_hal_tim_ex.o [1]
HAL_TIMEx_CommutCallback
                         0x800'6083    0x2  Code  Wk  stm32l4xx_hal_tim_ex.o [1]
HAL_TIMEx_MasterConfigSynchronization
                         0x800'65b9   0x74  Code  Gb  stm32l4xx_hal_tim_ex.o [1]
HAL_TIM_Base_Init        0x800'5439   0x7a  Code  Gb  stm32l4xx_hal_tim.o [1]
HAL_TIM_Base_MspInit     0x800'5a69   0x60  Code  Gb  tim.o [1]
HAL_TIM_Base_Start_IT    0x800'54e3   0x70  Code  Gb  stm32l4xx_hal_tim.o [1]
HAL_TIM_Base_Stop        0x800'54b3   0x30  Code  Gb  stm32l4xx_hal_tim.o [1]
HAL_TIM_IRQHandler       0x800'5561  0x194  Code  Gb  stm32l4xx_hal_tim.o [1]
HAL_TIM_PeriodElapsedCallback
                         0x800'49d9   0x30  Code  Gb  main.o [1]
HAL_UARTEx_WakeupCallback
                         0x800'4005    0x2  Code  Wk  stm32l4xx_hal_uart_ex.o [1]
HAL_UART_IRQHandler      0x800'3637  0x1b0  Code  Gb  stm32l4xx_hal_uart.o [1]
HAL_UART_Init            0x800'33fd   0x7a  Code  Gb  stm32l4xx_hal_uart.o [1]
HAL_UART_MspInit         0x800'3e91   0xce  Code  Gb  usart.o [1]
HAL_UART_Receive_IT      0x800'3551   0xe6  Code  Gb  stm32l4xx_hal_uart.o [1]
HAL_UART_RxCpltCallback
                         0x800'4a09  0x140  Code  Gb  main.o [1]
HAL_UART_Transmit        0x800'3477   0xda  Code  Gb  stm32l4xx_hal_uart.o [1]
HEAP$$Base              0x2000'1178          --   Gb  - Linker created -
HEAP$$Limit             0x2000'1378          --   Gb  - Linker created -
HardFault_Handler        0x800'6897    0x2  Code  Gb  stm32l4xx_it.o [1]
LoadInt                  0x800'18ef   0x7a  Code  Lc  xprintffull.o [2]
MSIRangeTable            0x800'68fc   0x30  Data  Gb  system_stm32l4xx.o [1]
MX_GPIO_Init             0x800'5925   0x54  Code  Gb  gpio.o [1]
MX_RTC_Init              0x800'5979   0x32  Code  Gb  rtc.o [1]
MX_TIM6_Init             0x800'59cd   0x4e  Code  Gb  tim.o [1]
MX_TIM7_Init             0x800'5a1b   0x4e  Code  Gb  tim.o [1]
MX_USART1_UART_Init      0x800'3e19   0x3c  Code  Gb  usart.o [1]
MX_USART2_UART_Init      0x800'3e55   0x3c  Code  Gb  usart.o [1]
MemManage_Handler        0x800'6899    0x2  Code  Gb  stm32l4xx_it.o [1]
NMI_Handler              0x800'6895    0x2  Code  Gb  stm32l4xx_it.o [1]
NVIC_EncodePriority      0x800'5263   0x40  Code  Lc  stm32l4xx_hal_cortex.o [1]
PendSV_Handler           0x800'68a3    0x2  Code  Gb  stm32l4xx_it.o [1]
RCCEx_PLLSAI1_Config     0x800'5ebd  0x16e  Code  Lc  stm32l4xx_hal_rcc_ex.o [1]
RCC_SetFlashLatencyFromMSIRange
                         0x800'4911   0x8a  Code  Lc  stm32l4xx_hal_rcc.o [1]
RTC_EnterInitMode        0x800'6505   0x4c  Code  Gb  stm32l4xx_hal_rtc.o [1]
RTC_ExitInitMode         0x800'6551   0x58  Code  Gb  stm32l4xx_hal_rtc.o [1]
Region$$Table$$Base      0x800'6978          --   Gb  - Linker created -
Region$$Table$$Limit     0x800'6998          --   Gb  - Linker created -
SVC_Handler              0x800'689f    0x2  Code  Gb  stm32l4xx_it.o [1]
SysTick_Config           0x800'52a3   0x30  Code  Lc  stm32l4xx_hal_cortex.o [1]
SysTick_Handler          0x800'68a5    0x8  Code  Gb  stm32l4xx_it.o [1]
SystemClock_Config       0x800'4ecb   0xba  Code  Gb  main.o [1]
SystemCoreClock         0x2000'0024    0x4  Data  Gb  system_stm32l4xx.o [1]
SystemInit               0x800'6835   0x42  Code  Gb  system_stm32l4xx.o [1]
TIM6_DAC_IRQHandler      0x800'68c1    0xa  Code  Gb  stm32l4xx_it.o [1]
TIM7_IRQHandler          0x800'68cb    0xa  Code  Gb  stm32l4xx_it.o [1]
TIM_Base_SetConfig       0x800'56f5   0x6e  Code  Gb  stm32l4xx_hal_tim.o [1]
Time6Flag               0x2000'0d68    0x2  Data  Gb  main.o [1]
Time7Flag               0x2000'0d6a    0x2  Data  Gb  main.o [1]
UART_AdvFeatureConfig    0x800'3af1   0xda  Code  Gb  stm32l4xx_hal_uart.o [1]
UART_CheckIdleState      0x800'3bcb   0x68  Code  Gb  stm32l4xx_hal_uart.o [1]
UART_DMAAbortOnError     0x800'3d05   0x1a  Code  Lc  stm32l4xx_hal_uart.o [1]
UART_EndRxTransfer       0x800'3ce3   0x22  Code  Lc  stm32l4xx_hal_uart.o [1]
UART_EndTransmit_IT      0x800'3d21   0x20  Code  Lc  stm32l4xx_hal_uart.o [1]
UART_RxISR_16BIT         0x800'3dab   0x6c  Code  Lc  stm32l4xx_hal_uart.o [1]
UART_RxISR_8BIT          0x800'3d41   0x6a  Code  Lc  stm32l4xx_hal_uart.o [1]
UART_SetConfig           0x800'37f1  0x2de  Code  Gb  stm32l4xx_hal_uart.o [1]
UART_WaitOnFlagUntilTimeout
                         0x800'3c33   0xb0  Code  Gb  stm32l4xx_hal_uart.o [1]
USART1_IRQHandler        0x800'68ad    0xa  Code  Gb  stm32l4xx_it.o [1]
USART2_IRQHandler        0x800'68b7    0xa  Code  Gb  stm32l4xx_it.o [1]
UsageFault_Handler       0x800'689d    0x2  Code  Gb  stm32l4xx_it.o [1]
Write_Data_Flash         0x800'586f   0x86  Code  Gb  internalflash.o [1]
Write_ST_Flash           0x800'5809   0x66  Code  Gb  internalflash.o [1]
_Encoding_8859_1_Mbrlen
                         0x800'274d    0x2  Code  Gb  xencoding_8859_1.o [2]
_Encoding_8859_1_Wctomb
                         0x800'273b   0x12  Code  Gb  xencoding_8859_1.o [2]
_GenldFull               0x800'234d  0x274  Code  Lc  xprintffull.o [2]
_LdtobFull               0x800'1f49  0x3d6  Code  Lc  xprintffull.o [2]
_LitobFull               0x800'1df9  0x10a  Code  Lc  xprintffull.o [2]
_Locale_lconv           0x2000'0028   0x38  Data  Lc  xlocale_c.o [2]
_PrintfFull              0x800'172d  0x1aa  Code  Gb  xprintffull.o [2]
_Prout                   0x800'69e5   0x16  Code  Gb  xprout.o [2]
_PutcharsFull            0x800'25c1   0x2e  Code  Lc  xprintffull.o [2]
_PutfldFull              0x800'1969  0x2d4  Code  Lc  xprintffull.o [2]
_PutstrFull              0x800'1d33   0xc6  Code  Lc  xprintffull.o [2]
_PuttxtFull              0x800'1c3d   0xf6  Code  Lc  xprintffull.o [2]
__NVIC_EnableIRQ         0x800'5219   0x1e  Code  Lc  stm32l4xx_hal_cortex.o [1]
__NVIC_GetPriorityGrouping
                         0x800'520b    0xc  Code  Lc  stm32l4xx_hal_cortex.o [1]
__NVIC_SetPriority       0x800'5237   0x2c  Code  Lc  stm32l4xx_hal_cortex.o [1]
__NVIC_SetPriorityGrouping
                         0x800'51e9   0x22  Code  Lc  stm32l4xx_hal_cortex.o [1]
__aeabi_cdcmple          0x800'2d21         Code  Gb  DblCmpLe.o [3]
__aeabi_cdrcmple         0x800'2d51         Code  Gb  DblCmpGe.o [3]
__aeabi_d2iz             0x800'2ebd         Code  Gb  DblToS32.o [3]
__aeabi_d2uiz            0x800'3249         Code  Gb  DblToU32.o [3]
__aeabi_ddiv             0x800'3001         Code  Gb  DblDiv.o [3]
__aeabi_dmul             0x800'2b0d         Code  Gb  DblMul.o [3]
__aeabi_dsub             0x800'2f1d         Code  Gb  DblSub.o [3]
__aeabi_i2d              0x800'2ef9         Code  Gb  S32ToDbl.o [3]
__aeabi_ldiv0            0x800'328d         Code  Gb  I64DivZer.o [4]
__aeabi_memclr4          0x800'4fed         Code  Gb  ABImemclr4.o [4]
__aeabi_memcpy           0x800'2835         Code  Gb  ABImemcpy.o [4]
__aeabi_memcpy4          0x800'2855         Code  Gb  ABImemcpy.o [4]
__aeabi_memcpy8          0x800'2855         Code  Gb  ABImemcpy.o [4]
__aeabi_memset           0x800'5b05         Code  Gb  ABImemset.o [4]
__aeabi_ui2d             0x800'3271         Code  Gb  U32ToDbl.o [3]
__aeabi_uldivmod         0x800'28dd         Code  Gb  I64DivMod.o [4]
__cmain                  0x800'6999         Code  Gb  cmain.o [4]
__data_GetMemChunk       0x800'16ed   0x2c  Code  Gb  xgetmemchunk.o [2]
__data_GetMemChunk::start
                        0x2000'0d5c    0x4  Data  Lc  xgetmemchunk.o [2]
__exit                   0x800'1719   0x14  Code  Gb  exit.o [5]
__iar_Fail_s             0x800'2759   0x1c  Code  Gb  xfail_s.o [2]
__iar_Mbcurmax           0x800'2829    0xa  Code  Gb  xmbcurmax.o [2]
__iar_Memchr             0x800'27d1         Code  Gb  memchr.o [4]
__iar_Memset             0x800'5b05         Code  Gb  ABImemset.o [4]
__iar_Memset4_word       0x800'6045         Code  Gb  ABImemset48.o [4]
__iar_Memset8_word       0x800'6045         Code  Gb  ABImemset48.o [4]
__iar_Memset_word        0x800'5b0d         Code  Gb  ABImemset.o [4]
__iar_Stdout            0x2000'00a8   0x48  Data  Gb  xfiles.o [2]
__iar_Strchr             0x800'2725         Code  Gb  strchr.o [4]
__iar_dadd               0x800'2f2d         Code  Gb  DblSub.o [3]
__iar_data_init3         0x800'692d   0x28  Code  Gb  data_init.o [4]
__iar_dlfree             0x800'116b  0x4f6  Code  Gb  dlmalloc.o [2]
__iar_dlmalloc           0x800'0eb5  0x2b6  Code  Gb  dlmalloc.o [2]
__iar_dsub               0x800'3291         Code  Gb  DblAdd.o [3]
__iar_dsubStart          0x800'32a3         Code  Gb  DblAdd.o [3]
__iar_frexp              0x800'2cbd         Code  Gb  frexp.o [3]
__iar_frexpl             0x800'2cbd         Code  Gb  frexp.o [3]
__iar_globLocale        0x2000'0060   0x48  Data  Lc  xlocale_c.o [2]
__iar_global_Locale      0x800'26ad    0x4  Code  Gb  xlocale_c.o [2]
__iar_init_vfp           0x800'6955         Code  Gb  fpinit_M.o [3]
__iar_ldexp64            0x800'2d81         Code  Gb  ldexp.o [3]
__iar_lz77_init_single3
                         0x800'1673   0x7a  Code  Gb  lz77_init_single.o [4]
__iar_program_start      0x800'6a35         Code  Gb  cstartup_M.o [4]
__iar_scalbln64          0x800'2d81         Code  Gb  ldexp.o [3]
__iar_scalbn64           0x800'2d81         Code  Gb  ldexp.o [3]
__iar_softfp___iar_frexp64
                         0x800'2cb1         Code  Gb  frexp.o [3]
__iar_softfp_frexp       0x800'2cb1         Code  Gb  frexp.o [3]
__iar_softfp_frexpl      0x800'2cb1         Code  Gb  frexp.o [3]
__iar_zero_init3         0x800'2673   0x3a  Code  Gb  zero_init3.o [4]
__low_level_init         0x800'69b7    0x4  Code  Gb  low_level_init.o [2]
__vector_table           0x800'0000         Data  Gb  startup_stm32l431xx.o [1]
_call_main               0x800'69a5         Code  Gb  cmain.o [4]
_exit                    0x800'69c1         Code  Gb  cexit.o [4]
_gLocale_mblen           0x800'2711    0x4  Code  Gb  xlocale_c.o [2]
_gLocale_mblenInt        0x800'26d5   0x2c  Code  Gb  xlocale_c.o [2]
_gLocale_wctomb          0x800'2715    0x4  Code  Gb  xlocale_c.o [2]
_gLocale_wctombInt       0x800'270d    0x4  Code  Gb  xlocale_c.o [2]
_gm_                    0x2000'095c  0x1d8  Data  Lc  dlmalloc.o [2]
_main                    0x800'69b3         Code  Gb  cmain.o [4]
abort                    0x800'166d    0x6  Code  Gb  abort.o [2]
add_segment              0x800'0555  0x1f2  Code  Lc  dlmalloc.o [2]
aucCRCHi                 0x800'6634  0x100  Data  Lc  mbcrc.o [1]
aucCRCLo                 0x800'6734  0x100  Data  Lc  mbcrc.o [1]
exit                     0x800'69bb    0x4  Code  Gb  exit.o [2]
fputc                    0x800'3f5f   0x18  Code  Gb  usart.o [1]
free                     0x800'63e1    0x4  Code  Gb  heaptramp0.o [2]
hrtc                    0x2000'0d1c   0x24  Data  Gb  rtc.o [1]
htim6                   0x2000'0c84   0x4c  Data  Gb  tim.o [1]
htim7                   0x2000'0cd0   0x4c  Data  Gb  tim.o [1]
huart1                  0x2000'0b34   0x80  Data  Gb  usart.o [1]
huart2                  0x2000'0bb4   0x80  Data  Gb  usart.o [1]
init_mparams             0x800'01a7   0x32  Code  Lc  dlmalloc.o [2]
init_top                 0x800'01d9   0x36  Code  Lc  dlmalloc.o [2]
jumptim                 0x2000'0d74    0x1  Data  Gb  main.o [1]
ldexp                    0x800'2d81         Code  Gb  ldexp.o [3]
ldexpl                   0x800'2d81         Code  Gb  ldexp.o [3]
localeconv               0x800'2719    0x4  Code  Gb  xlocale_c.o [2]
main                     0x800'4dab  0x120  Code  Gb  main.o [1]
memchr                   0x800'27d1         Code  Gb  memchr.o [4]
mparams                 0x2000'0d40   0x18  Data  Lc  dlmalloc.o [2]
obuf                    0x2000'0c34   0x50  Data  Lc  xfiles.o [2]
pFlash                  0x2000'0004   0x20  Data  Gb  stm32l4xx_hal_flash.o [1]
prepend_alloc            0x800'020f  0x346  Code  Lc  dlmalloc.o [2]
printf                   0x800'5add   0x28  Code  Gb  printf.o [2]
putchar                  0x800'69fd    0xc  Code  Gb  putchar.o [2]
scalbln                  0x800'2d81         Code  Gb  ldexp.o [3]
scalblnl                 0x800'2d81         Code  Gb  ldexp.o [3]
scalbn                   0x800'2d81         Code  Gb  ldexp.o [3]
scalbnl                  0x800'2d81         Code  Gb  ldexp.o [3]
scale                    0x800'1f03   0x46  Code  Lc  xprintffull.o [2]
sec_hand                0x2000'0d60    0x4  Data  Lc  xfail_s.o [2]
segment_holding          0x800'018d   0x1a  Code  Lc  dlmalloc.o [2]
strchr                   0x800'2725         Code  Gb  strchr.o [4]
strlen                   0x800'2799         Code  Gb  strlen.o [4]
sys_alloc                0x800'074d  0x164  Code  Lc  dlmalloc.o [2]
sys_trim                 0x800'08b1   0x64  Code  Lc  dlmalloc.o [2]
timflag                 0x2000'0d75    0x1  Data  Gb  main.o [1]
tmalloc_large            0x800'0921  0x386  Code  Lc  dlmalloc.o [2]
tmalloc_small            0x800'0ca7  0x200  Code  Lc  dlmalloc.o [2]
uart1Data               0x2000'00f4  0x434  Data  Gb  main.o [1]
uart1Revflag            0x2000'0d70    0x1  Data  Gb  main.o [1]
uart1RxDatatmp          0x2000'0d72    0x1  Data  Gb  main.o [1]
uart1len                0x2000'0d64    0x2  Data  Gb  main.o [1]
uart1packlen            0x2000'0d6c    0x2  Data  Gb  main.o [1]
uart2Data               0x2000'0528  0x434  Data  Gb  main.o [1]
uart2Revflag            0x2000'0d71    0x1  Data  Gb  main.o [1]
uart2RxDatatmp          0x2000'0d73    0x1  Data  Gb  main.o [1]
uart2len                0x2000'0d66    0x2  Data  Gb  main.o [1]
uart2packlen            0x2000'0d6e    0x2  Data  Gb  main.o [1]
usMBCRC16                0x800'5771   0x44  Code  Gb  mbcrc.o [1]
uwTick                  0x2000'0d58    0x4  Data  Gb  stm32l4xx_hal.o [1]
uwTickFreq              0x2000'00f0    0x1  Data  Gb  stm32l4xx_hal.o [1]
uwTickPrio              0x2000'0000    0x4  Data  Gb  stm32l4xx_hal.o [1]


[1] = E:\MYGITHUB\eTable_bootloader\EWARM\eTable_bootloader\Obj
[2] = dl7M_tlf.a
[3] = m7M_tls.a
[4] = rt7M_tl.a
[5] = shb_l.a

  26 792 bytes of readonly  code memory
     746 bytes of readonly  data memory
   4 980 bytes of readwrite data memory

Errors: none
Warnings: none
