###############################################################################
#
# IAR ELF Linker V8.32.3.193/W32 for ARM                  28/May/2021  22:44:58
# Copyright 2007-2019 IAR Systems AB.
#
#    Output file  =  
#        E:\MYGITHUB\eTable_bootloader\EWARM\eTable_bootloader\Exe\eTable_bootloader.out
#    Map file     =  
#        E:\MYGITHUB\eTable_bootloader\EWARM\eTable_bootloader\List\eTable_bootloader.map
#    Command line =  
#        -f C:\Users\LY\AppData\Local\Temp\EW8B73.tmp
#        (E:\MYGITHUB\eTable_bootloader\EWARM\eTable_bootloader\Obj\gpio.o
#        E:\MYGITHUB\eTable_bootloader\EWARM\eTable_bootloader\Obj\internalflash.o
#        E:\MYGITHUB\eTable_bootloader\EWARM\eTable_bootloader\Obj\main.o
#        E:\MYGITHUB\eTable_bootloader\EWARM\eTable_bootloader\Obj\mbcrc.o
#        E:\MYGITHUB\eTable_bootloader\EWARM\eTable_bootloader\Obj\rtc.o
#        E:\MYGITHUB\eTable_bootloader\EWARM\eTable_bootloader\Obj\startup_stm32l431xx.o
#        E:\MYGITHUB\eTable_bootloader\EWARM\eTable_bootloader\Obj\stm32l4xx_hal.o
#        E:\MYGITHUB\eTable_bootloader\EWARM\eTable_bootloader\Obj\stm32l4xx_hal_cortex.o
#        E:\MYGITHUB\eTable_bootloader\EWARM\eTable_bootloader\Obj\stm32l4xx_hal_dma.o
#        E:\MYGITHUB\eTable_bootloader\EWARM\eTable_bootloader\Obj\stm32l4xx_hal_dma_ex.o
#        E:\MYGITHUB\eTable_bootloader\EWARM\eTable_bootloader\Obj\stm32l4xx_hal_exti.o
#        E:\MYGITHUB\eTable_bootloader\EWARM\eTable_bootloader\Obj\stm32l4xx_hal_flash.o
#        E:\MYGITHUB\eTable_bootloader\EWARM\eTable_bootloader\Obj\stm32l4xx_hal_flash_ex.o
#        E:\MYGITHUB\eTable_bootloader\EWARM\eTable_bootloader\Obj\stm32l4xx_hal_flash_ramfunc.o
#        E:\MYGITHUB\eTable_bootloader\EWARM\eTable_bootloader\Obj\stm32l4xx_hal_gpio.o
#        E:\MYGITHUB\eTable_bootloader\EWARM\eTable_bootloader\Obj\stm32l4xx_hal_i2c.o
#        E:\MYGITHUB\eTable_bootloader\EWARM\eTable_bootloader\Obj\stm32l4xx_hal_i2c_ex.o
#        E:\MYGITHUB\eTable_bootloader\EWARM\eTable_bootloader\Obj\stm32l4xx_hal_msp.o
#        E:\MYGITHUB\eTable_bootloader\EWARM\eTable_bootloader\Obj\stm32l4xx_hal_pwr.o
#        E:\MYGITHUB\eTable_bootloader\EWARM\eTable_bootloader\Obj\stm32l4xx_hal_pwr_ex.o
#        E:\MYGITHUB\eTable_bootloader\EWARM\eTable_bootloader\Obj\stm32l4xx_hal_rcc.o
#        E:\MYGITHUB\eTable_bootloader\EWARM\eTable_bootloader\Obj\stm32l4xx_hal_rcc_ex.o
#        E:\MYGITHUB\eTable_bootloader\EWARM\eTable_bootloader\Obj\stm32l4xx_hal_rtc.o
#        E:\MYGITHUB\eTable_bootloader\EWARM\eTable_bootloader\Obj\stm32l4xx_hal_rtc_ex.o
#        E:\MYGITHUB\eTable_bootloader\EWARM\eTable_bootloader\Obj\stm32l4xx_hal_tim.o
#        E:\MYGITHUB\eTable_bootloader\EWARM\eTable_bootloader\Obj\stm32l4xx_hal_tim_ex.o
#        E:\MYGITHUB\eTable_bootloader\EWARM\eTable_bootloader\Obj\stm32l4xx_hal_uart.o
#        E:\MYGITHUB\eTable_bootloader\EWARM\eTable_bootloader\Obj\stm32l4xx_hal_uart_ex.o
#        E:\MYGITHUB\eTable_bootloader\EWARM\eTable_bootloader\Obj\stm32l4xx_it.o
#        E:\MYGITHUB\eTable_bootloader\EWARM\eTable_bootloader\Obj\system_stm32l4xx.o
#        E:\MYGITHUB\eTable_bootloader\EWARM\eTable_bootloader\Obj\tim.o
#        E:\MYGITHUB\eTable_bootloader\EWARM\eTable_bootloader\Obj\usart.o
#        --redirect _Printf=_PrintfFull --redirect _Scanf=_ScanfFull
#        --no_out_extension -o
#        E:\MYGITHUB\eTable_bootloader\EWARM\eTable_bootloader\Exe\eTable_bootloader.out
#        --map
#        E:\MYGITHUB\eTable_bootloader\EWARM\eTable_bootloader\List\eTable_bootloader.map
#        --config E:\MYGITHUB\eTable_bootloader\EWARM/stm32l431xx_flash.icf
#        --semihosting --entry __iar_program_start --vfe --text_out locale)
#
###############################################################################

*******************************************************************************
*** RUNTIME MODEL ATTRIBUTES
***

CppFlavor       = *
__SystemLibrary = DLib
__dlib_version  = 6


*******************************************************************************
*** HEAP SELECTION
***

The basic heap was selected because no calls to memory allocation
functions were found in the application outside of system library
functions, and there are calls to deallocation functions in the
application.


*******************************************************************************
*** PLACEMENT SUMMARY
***

"A0":  place at 0x800'0000 { ro section .intvec };
"P1":  place in [from 0x800'0000 to 0x803'ffff] { ro };
define block CSTACK with size = 1K, alignment = 8 { };
define block HEAP with size = 512, alignment = 8 { };
"P2":  place in [from 0x2000'0000 to 0x2000'ffff] {
          rw, block CSTACK, block HEAP };
initialize by copy { rw };

  Section            Kind         Address    Size  Object
  -------            ----         -------    ----  ------
"A0":                                       0x18c
  .intvec            ro code   0x800'0000   0x18c  startup_stm32l431xx.o [1]
                             - 0x800'018c   0x18c

"P1":                                      0x2b3c
  .text              ro code   0x800'018c   0x9cc  stm32l4xx_hal_rcc.o [1]
  .text              ro code   0x800'0b58    0x60  stm32l4xx_hal.o [1]
  .text              ro code   0x800'0bb8     0xc  stm32l4xx_hal.o [1]
  .text              ro code   0x800'0bc4    0x94  stm32l4xx_hal_pwr_ex.o [1]
  .text              ro code   0x800'0c58   0x15c  stm32l4xx_hal_cortex.o [1]
  .text              ro code   0x800'0db4   0x93e  stm32l4xx_hal_uart.o [1]
  .text              ro code   0x800'16f2    0x3a  zero_init3.o [4]
  .text              ro code   0x800'172c   0x168  usart.o [1]
  .text              ro code   0x800'1894    0x5e  stm32l4xx_hal_dma.o [1]
  .text              ro code   0x800'18f2     0x2  stm32l4xx_hal_uart.o [1]
  .text              ro code   0x800'18f4     0x2  stm32l4xx_hal_uart_ex.o [1]
  .text              ro code   0x800'18f8   0x230  I64DivMod.o [4]
  .text              ro code   0x800'1b28     0x2  stm32l4xx_hal_uart.o [1]
  .text              ro code   0x800'1b2c   0x172  main.o [1]
  .text              ro code   0x800'1ca0     0x6  ABImemclr4.o [4]
  .text              ro code   0x800'1ca8   0x1f4  stm32l4xx_hal_gpio.o [1]
  .text              ro code   0x800'1e9c     0x2  I64DivZer.o [4]
  .text              ro code   0x800'1ea0    0x24  stm32l4xx_hal.o [1]
  .text              ro code   0x800'1ec4    0x54  gpio.o [1]
  .text              ro code   0x800'1f18    0x54  rtc.o [1]
  .text              ro code   0x800'1f6c    0x8c  tim.o [1]
  .text              ro code   0x800'1ff8    0x10  stm32l4xx_hal_pwr.o [1]
  .text              ro code   0x800'2008   0x4a0  stm32l4xx_hal_rcc_ex.o [1]
  .text              ro code   0x800'24a8    0x32  ABImemset48.o [4]
  .text              ro code   0x800'24dc    0x38  stm32l4xx_hal_msp.o [1]
  .text              ro code   0x800'2514   0x19c  stm32l4xx_hal_rtc.o [1]
  .text              ro code   0x800'26b0   0x288  stm32l4xx_hal_tim.o [1]
  .text              ro code   0x800'2938    0x7c  stm32l4xx_hal_tim_ex.o [1]
  .text              ro code   0x800'29b4     0x2  stm32l4xx_hal_tim.o [1]
  .text              ro code   0x800'29b6     0x2  stm32l4xx_hal_tim.o [1]
  .text              ro code   0x800'29b8     0x2  stm32l4xx_hal_tim.o [1]
  .text              ro code   0x800'29ba     0x2  stm32l4xx_hal_tim.o [1]
  .text              ro code   0x800'29bc     0x2  stm32l4xx_hal_tim_ex.o [1]
  .text              ro code   0x800'29be     0x2  stm32l4xx_hal_tim_ex.o [1]
  .text              ro code   0x800'29c0     0x2  stm32l4xx_hal_tim.o [1]
  .text              ro code   0x800'29c2     0x2  stm32l4xx_hal_tim_ex.o [1]
  .text              ro code   0x800'29c4    0x60  system_stm32l4xx.o [1]
  .text              ro code   0x800'2a24    0x44  stm32l4xx_it.o [1]
  .text              ro code   0x800'2a68    0x18  stm32l4xx_hal.o [1]
  .rodata            const     0x800'2a80    0x30  system_stm32l4xx.o [1]
  .text              ro code   0x800'2ab0    0x2c  copy_init3.o [4]
  .text              ro code   0x800'2adc    0x28  data_init.o [4]
  .text              ro code   0x800'2b04    0x22  fpinit_M.o [3]
  .iar.init_table    const     0x800'2b28    0x24  - Linker created -
  .text              ro code   0x800'2b4c    0x1e  cmain.o [4]
  .text              ro code   0x800'2b6a     0x4  low_level_init.o [2]
  .text              ro code   0x800'2b6e     0x4  exit.o [2]
  .text              ro code   0x800'2b74     0xa  cexit.o [4]
  .text              ro code   0x800'2b80    0x14  exit.o [5]
  .rodata            const     0x800'2b94    0x10  system_stm32l4xx.o [1]
  .text              ro code   0x800'2ba4    0x10  startup_stm32l431xx.o [1]
  .text              ro code   0x800'2bb4     0xc  cstartup_M.o [4]
  Initializer bytes  const     0x800'2bc0     0xc  <for P2-1>
  .rodata            const     0x800'2bcc     0x8  system_stm32l4xx.o [1]
  .text              ro code   0x800'2bd4     0x4  startup_stm32l431xx.o [1]
  .text              ro code   0x800'2bd8     0x4  startup_stm32l431xx.o [1]
  .text              ro code   0x800'2bdc     0x4  startup_stm32l431xx.o [1]
  .text              ro code   0x800'2be0     0x4  startup_stm32l431xx.o [1]
  .text              ro code   0x800'2be4     0x4  startup_stm32l431xx.o [1]
  .text              ro code   0x800'2be8     0x4  startup_stm32l431xx.o [1]
  .text              ro code   0x800'2bec     0x4  startup_stm32l431xx.o [1]
  .text              ro code   0x800'2bf0     0x4  startup_stm32l431xx.o [1]
  .text              ro code   0x800'2bf4     0x4  startup_stm32l431xx.o [1]
  .text              ro code   0x800'2bf8     0x4  startup_stm32l431xx.o [1]
  .text              ro code   0x800'2bfc     0x4  startup_stm32l431xx.o [1]
  .text              ro code   0x800'2c00     0x4  startup_stm32l431xx.o [1]
  .text              ro code   0x800'2c04     0x4  startup_stm32l431xx.o [1]
  .text              ro code   0x800'2c08     0x4  startup_stm32l431xx.o [1]
  .text              ro code   0x800'2c0c     0x4  startup_stm32l431xx.o [1]
  .text              ro code   0x800'2c10     0x4  startup_stm32l431xx.o [1]
  .text              ro code   0x800'2c14     0x4  startup_stm32l431xx.o [1]
  .text              ro code   0x800'2c18     0x4  startup_stm32l431xx.o [1]
  .text              ro code   0x800'2c1c     0x4  startup_stm32l431xx.o [1]
  .text              ro code   0x800'2c20     0x4  startup_stm32l431xx.o [1]
  .text              ro code   0x800'2c24     0x4  startup_stm32l431xx.o [1]
  .text              ro code   0x800'2c28     0x4  startup_stm32l431xx.o [1]
  .text              ro code   0x800'2c2c     0x4  startup_stm32l431xx.o [1]
  .text              ro code   0x800'2c30     0x4  startup_stm32l431xx.o [1]
  .text              ro code   0x800'2c34     0x4  startup_stm32l431xx.o [1]
  .text              ro code   0x800'2c38     0x4  startup_stm32l431xx.o [1]
  .text              ro code   0x800'2c3c     0x4  startup_stm32l431xx.o [1]
  .text              ro code   0x800'2c40     0x4  startup_stm32l431xx.o [1]
  .text              ro code   0x800'2c44     0x4  startup_stm32l431xx.o [1]
  .text              ro code   0x800'2c48     0x4  startup_stm32l431xx.o [1]
  .text              ro code   0x800'2c4c     0x4  startup_stm32l431xx.o [1]
  .text              ro code   0x800'2c50     0x4  startup_stm32l431xx.o [1]
  .text              ro code   0x800'2c54     0x4  startup_stm32l431xx.o [1]
  .text              ro code   0x800'2c58     0x4  startup_stm32l431xx.o [1]
  .text              ro code   0x800'2c5c     0x4  startup_stm32l431xx.o [1]
  .text              ro code   0x800'2c60     0x4  startup_stm32l431xx.o [1]
  .text              ro code   0x800'2c64     0x4  startup_stm32l431xx.o [1]
  .text              ro code   0x800'2c68     0x4  startup_stm32l431xx.o [1]
  .text              ro code   0x800'2c6c     0x4  startup_stm32l431xx.o [1]
  .text              ro code   0x800'2c70     0x4  startup_stm32l431xx.o [1]
  .text              ro code   0x800'2c74     0x4  startup_stm32l431xx.o [1]
  .text              ro code   0x800'2c78     0x4  startup_stm32l431xx.o [1]
  .text              ro code   0x800'2c7c     0x4  startup_stm32l431xx.o [1]
  .text              ro code   0x800'2c80     0x4  startup_stm32l431xx.o [1]
  .text              ro code   0x800'2c84     0x4  startup_stm32l431xx.o [1]
  .text              ro code   0x800'2c88     0x4  startup_stm32l431xx.o [1]
  .text              ro code   0x800'2c8c     0x4  startup_stm32l431xx.o [1]
  .text              ro code   0x800'2c90     0x4  startup_stm32l431xx.o [1]
  .text              ro code   0x800'2c94     0x4  startup_stm32l431xx.o [1]
  .text              ro code   0x800'2c98     0x4  startup_stm32l431xx.o [1]
  .text              ro code   0x800'2c9c     0x4  startup_stm32l431xx.o [1]
  .text              ro code   0x800'2ca0     0x4  startup_stm32l431xx.o [1]
  .text              ro code   0x800'2ca4     0x4  startup_stm32l431xx.o [1]
  .text              ro code   0x800'2ca8     0x4  startup_stm32l431xx.o [1]
  .text              ro code   0x800'2cac     0x4  startup_stm32l431xx.o [1]
  .text              ro code   0x800'2cb0     0x4  startup_stm32l431xx.o [1]
  .text              ro code   0x800'2cb4     0x4  startup_stm32l431xx.o [1]
  .text              ro code   0x800'2cb8     0x4  startup_stm32l431xx.o [1]
  .text              ro code   0x800'2cbc     0x4  startup_stm32l431xx.o [1]
  .text              ro code   0x800'2cc0     0x4  startup_stm32l431xx.o [1]
  .text              ro code   0x800'2cc4     0x4  startup_stm32l431xx.o [1]
  .rodata            const     0x800'2cc8     0x0  zero_init3.o [4]
  .rodata            const     0x800'2cc8     0x0  copy_init3.o [4]
                             - 0x800'2cc8  0x2b3c

"P2", part 1 of 3:                            0xc
  P2-1                        0x2000'0000     0x9  <Init block>
    .data            inited   0x2000'0000     0x4  stm32l4xx_hal.o [1]
    .data            inited   0x2000'0004     0x4  system_stm32l4xx.o [1]
    .data            inited   0x2000'0008     0x1  stm32l4xx_hal.o [1]
                            - 0x2000'0009     0x9

"P2", part 2 of 3:                          0x5b0
  .bss               zero     0x2000'000c   0x434  main.o [1]
  .bss               zero     0x2000'0440    0x80  usart.o [1]
  .bss               zero     0x2000'04c0    0x80  usart.o [1]
  .bss               zero     0x2000'0540    0x4c  tim.o [1]
  .bss               zero     0x2000'058c    0x24  rtc.o [1]
  .bss               zero     0x2000'05b0     0x4  stm32l4xx_hal.o [1]
  .bss               zero     0x2000'05b4     0x2  main.o [1]
  .bss               zero     0x2000'05b6     0x2  main.o [1]
  .bss               zero     0x2000'05b8     0x1  main.o [1]
  .bss               zero     0x2000'05b9     0x1  main.o [1]
  .bss               zero     0x2000'05ba     0x1  main.o [1]
                            - 0x2000'05bb   0x5af

"P2", part 3 of 3:                          0x400
  CSTACK                      0x2000'05c0   0x400  <Block>
    CSTACK           uninit   0x2000'05c0   0x400  <Block tail>
                            - 0x2000'09c0   0x400

Unused ranges:

         From           To      Size
         ----           --      ----
   0x800'2cc8   0x803'ffff  0x3'd338
  0x2000'05bc  0x2000'05bf       0x4
  0x2000'09c0  0x2000'ffff    0xf640


*******************************************************************************
*** INIT TABLE
***

          Address      Size
          -------      ----
Zero (__iar_zero_init3)
    1 destination range, total size 0x5af:
          0x2000'000c  0x5af

Copy (__iar_copy_init3)
    1 source range, total size 0xc (133% of destination):
           0x800'2bc0    0xc
    1 destination range, total size 0x9:
          0x2000'0000    0x9



*******************************************************************************
*** MODULE SUMMARY
***

    Module                   ro code  ro data  rw data
    ------                   -------  -------  -------
command line/config:
    --------------------------------------------------
    Total:

E:\MYGITHUB\eTable_bootloader\EWARM\eTable_bootloader\Obj: [1]
    gpio.o                        84
    main.o                       370             1 083
    rtc.o                         84                36
    startup_stm32l431xx.o        656
    stm32l4xx_hal.o              168        5        9
    stm32l4xx_hal_cortex.o       348
    stm32l4xx_hal_dma.o           94
    stm32l4xx_hal_gpio.o         500
    stm32l4xx_hal_msp.o           56
    stm32l4xx_hal_pwr.o           16
    stm32l4xx_hal_pwr_ex.o       148
    stm32l4xx_hal_rcc.o        2 508
    stm32l4xx_hal_rcc_ex.o     1 184
    stm32l4xx_hal_rtc.o          412
    stm32l4xx_hal_tim.o          658
    stm32l4xx_hal_tim_ex.o       130
    stm32l4xx_hal_uart.o       2 370
    stm32l4xx_hal_uart_ex.o        2
    stm32l4xx_it.o                68
    system_stm32l4xx.o            96       76        4
    tim.o                        140                76
    usart.o                      360               256
    --------------------------------------------------
    Total:                    10 452       81    1 464

dl7M_tlf.a: [2]
    exit.o                         4
    low_level_init.o               4
    --------------------------------------------------
    Total:                         8

m7M_tls.a: [3]
    fpinit_M.o                    34
    --------------------------------------------------
    Total:                        34

rt7M_tl.a: [4]
    ABImemclr4.o                   6
    ABImemset48.o                 50
    I64DivMod.o                  560
    I64DivZer.o                    2
    cexit.o                       10
    cmain.o                       30
    copy_init3.o                  44
    cstartup_M.o                  12
    data_init.o                   40
    zero_init3.o                  58
    --------------------------------------------------
    Total:                       812

shb_l.a: [5]
    exit.o                        20
    --------------------------------------------------
    Total:                        20

    Gaps                          16        2
    Linker created                         39    1 024
------------------------------------------------------
    Grand Total:              11 342      122    2 488


*******************************************************************************
*** ENTRY LIST
***

Entry                       Address   Size  Type      Object
-----                       -------   ----  ----      ------
.iar.init_table$$Base    0x800'2b28          --   Gb  - Linker created -
.iar.init_table$$Limit   0x800'2b4c          --   Gb  - Linker created -
?main                    0x800'2b4d         Code  Gb  cmain.o [4]
AHBPrescTable            0x800'2b94   0x10  Data  Gb  system_stm32l4xx.o [1]
APBPrescTable            0x800'2bcc    0x8  Data  Gb  system_stm32l4xx.o [1]
BusFault_Handler         0x800'2a2b    0x2  Code  Gb  stm32l4xx_it.o [1]
CSTACK$$Base            0x2000'05c0          --   Gb  - Linker created -
CSTACK$$Limit           0x2000'09c0          --   Gb  - Linker created -
DebugMon_Handler         0x800'2a31    0x2  Code  Gb  stm32l4xx_it.o [1]
Error_Handler            0x800'1c9d    0x2  Code  Gb  main.o [1]
Funtioncode             0x2000'05ba    0x1  Data  Gb  main.o [1]
HAL_DMA_Abort_IT         0x800'1895   0x5e  Code  Gb  stm32l4xx_hal_dma.o [1]
HAL_GPIO_Init            0x800'1ca9  0x1ca  Code  Gb  stm32l4xx_hal_gpio.o [1]
HAL_GetTick              0x800'0bb9    0xc  Code  Wk  stm32l4xx_hal.o [1]
HAL_IncTick              0x800'2a69   0x18  Code  Wk  stm32l4xx_hal.o [1]
HAL_Init                 0x800'1ea1   0x24  Code  Gb  stm32l4xx_hal.o [1]
HAL_InitTick             0x800'0b59   0x60  Code  Wk  stm32l4xx_hal.o [1]
HAL_MspInit              0x800'24dd   0x38  Code  Gb  stm32l4xx_hal_msp.o [1]
HAL_NVIC_EnableIRQ       0x800'0d79    0xe  Code  Gb  stm32l4xx_hal_cortex.o [1]
HAL_NVIC_SetPriority     0x800'0d4f   0x2a  Code  Gb  stm32l4xx_hal_cortex.o [1]
HAL_NVIC_SetPriorityGrouping
                         0x800'0d43    0xc  Code  Gb  stm32l4xx_hal_cortex.o [1]
HAL_PWREx_ControlVoltageScaling
                         0x800'0bd1   0x76  Code  Gb  stm32l4xx_hal_pwr_ex.o [1]
HAL_PWREx_GetVoltageRange
                         0x800'0bc5    0xc  Code  Gb  stm32l4xx_hal_pwr_ex.o [1]
HAL_PWR_EnableBkUpAccess
                         0x800'1ff9    0xc  Code  Gb  stm32l4xx_hal_pwr.o [1]
HAL_RCCEx_PeriphCLKConfig
                         0x800'2009  0x304  Code  Gb  stm32l4xx_hal_rcc_ex.o [1]
HAL_RCC_ClockConfig      0x800'0827  0x14c  Code  Gb  stm32l4xx_hal_rcc.o [1]
HAL_RCC_GetHCLKFreq      0x800'0a47    0x6  Code  Gb  stm32l4xx_hal_rcc.o [1]
HAL_RCC_GetPCLK1Freq     0x800'0a4d   0x1a  Code  Gb  stm32l4xx_hal_rcc.o [1]
HAL_RCC_GetPCLK2Freq     0x800'0a67   0x1a  Code  Gb  stm32l4xx_hal_rcc.o [1]
HAL_RCC_GetSysClockFreq
                         0x800'0973   0xd4  Code  Gb  stm32l4xx_hal_rcc.o [1]
HAL_RCC_OscConfig        0x800'018d  0x69a  Code  Gb  stm32l4xx_hal_rcc.o [1]
HAL_RTC_Init             0x800'2515   0xb4  Code  Gb  stm32l4xx_hal_rtc.o [1]
HAL_RTC_MspInit          0x800'1f4b   0x14  Code  Gb  rtc.o [1]
HAL_RTC_WaitForSynchro   0x800'25c9   0x34  Code  Gb  stm32l4xx_hal_rtc.o [1]
HAL_SYSTICK_Config       0x800'0d87    0xc  Code  Gb  stm32l4xx_hal_cortex.o [1]
HAL_TIMEx_Break2Callback
                         0x800'29bf    0x2  Code  Wk  stm32l4xx_hal_tim_ex.o [1]
HAL_TIMEx_BreakCallback
                         0x800'29bd    0x2  Code  Wk  stm32l4xx_hal_tim_ex.o [1]
HAL_TIMEx_CommutCallback
                         0x800'29c3    0x2  Code  Wk  stm32l4xx_hal_tim_ex.o [1]
HAL_TIMEx_MasterConfigSynchronization
                         0x800'2939   0x74  Code  Gb  stm32l4xx_hal_tim_ex.o [1]
HAL_TIM_Base_Init        0x800'26b1   0x7a  Code  Gb  stm32l4xx_hal_tim.o [1]
HAL_TIM_Base_MspInit     0x800'1fbb   0x32  Code  Gb  tim.o [1]
HAL_TIM_IRQHandler       0x800'272b  0x194  Code  Gb  stm32l4xx_hal_tim.o [1]
HAL_UARTEx_WakeupCallback
                         0x800'18f5    0x2  Code  Wk  stm32l4xx_hal_uart_ex.o [1]
HAL_UART_IRQHandler      0x800'0f15  0x1b0  Code  Gb  stm32l4xx_hal_uart.o [1]
HAL_UART_Init            0x800'0db5   0x7a  Code  Gb  stm32l4xx_hal_uart.o [1]
HAL_UART_MspInit         0x800'17a5   0xce  Code  Gb  usart.o [1]
HAL_UART_Receive_IT      0x800'0e2f   0xe6  Code  Gb  stm32l4xx_hal_uart.o [1]
HAL_UART_RxCpltCallback
                         0x800'1b2d   0x5a  Code  Gb  main.o [1]
HardFault_Handler        0x800'2a27    0x2  Code  Gb  stm32l4xx_it.o [1]
MSIRangeTable            0x800'2a80   0x30  Data  Gb  system_stm32l4xx.o [1]
MX_GPIO_Init             0x800'1ec5   0x54  Code  Gb  gpio.o [1]
MX_RTC_Init              0x800'1f19   0x32  Code  Gb  rtc.o [1]
MX_TIM6_Init             0x800'1f6d   0x4e  Code  Gb  tim.o [1]
MX_USART1_UART_Init      0x800'172d   0x3c  Code  Gb  usart.o [1]
MX_USART2_UART_Init      0x800'1769   0x3c  Code  Gb  usart.o [1]
MemManage_Handler        0x800'2a29    0x2  Code  Gb  stm32l4xx_it.o [1]
NMI_Handler              0x800'2a25    0x2  Code  Gb  stm32l4xx_it.o [1]
NVIC_EncodePriority      0x800'0cd3   0x40  Code  Lc  stm32l4xx_hal_cortex.o [1]
PendSV_Handler           0x800'2a33    0x2  Code  Gb  stm32l4xx_it.o [1]
RCCEx_PLLSAI1_Config     0x800'2321  0x16e  Code  Lc  stm32l4xx_hal_rcc_ex.o [1]
RCC_SetFlashLatencyFromMSIRange
                         0x800'0a95   0x8a  Code  Lc  stm32l4xx_hal_rcc.o [1]
RTC_EnterInitMode        0x800'25fd   0x4c  Code  Gb  stm32l4xx_hal_rtc.o [1]
RTC_ExitInitMode         0x800'2649   0x58  Code  Gb  stm32l4xx_hal_rtc.o [1]
Region$$Table$$Base      0x800'2b28          --   Gb  - Linker created -
Region$$Table$$Limit     0x800'2b4c          --   Gb  - Linker created -
SVC_Handler              0x800'2a2f    0x2  Code  Gb  stm32l4xx_it.o [1]
SysTick_Config           0x800'0d13   0x30  Code  Lc  stm32l4xx_hal_cortex.o [1]
SysTick_Handler          0x800'2a35    0x8  Code  Gb  stm32l4xx_it.o [1]
SystemClock_Config       0x800'1bb9   0xba  Code  Gb  main.o [1]
SystemCoreClock         0x2000'0004    0x4  Data  Gb  system_stm32l4xx.o [1]
SystemInit               0x800'29c5   0x42  Code  Gb  system_stm32l4xx.o [1]
TIM6_DAC_IRQHandler      0x800'2a51    0xa  Code  Gb  stm32l4xx_it.o [1]
TIM_Base_SetConfig       0x800'28bf   0x6e  Code  Gb  stm32l4xx_hal_tim.o [1]
UART_AdvFeatureConfig    0x800'13cd   0xda  Code  Gb  stm32l4xx_hal_uart.o [1]
UART_CheckIdleState      0x800'14a7   0x68  Code  Gb  stm32l4xx_hal_uart.o [1]
UART_DMAAbortOnError     0x800'15e1   0x1a  Code  Lc  stm32l4xx_hal_uart.o [1]
UART_EndRxTransfer       0x800'15bf   0x22  Code  Lc  stm32l4xx_hal_uart.o [1]
UART_EndTransmit_IT      0x800'15fd   0x20  Code  Lc  stm32l4xx_hal_uart.o [1]
UART_RxISR_16BIT         0x800'1687   0x6c  Code  Lc  stm32l4xx_hal_uart.o [1]
UART_RxISR_8BIT          0x800'161d   0x6a  Code  Lc  stm32l4xx_hal_uart.o [1]
UART_SetConfig           0x800'10cd  0x2de  Code  Gb  stm32l4xx_hal_uart.o [1]
UART_WaitOnFlagUntilTimeout
                         0x800'150f   0xb0  Code  Gb  stm32l4xx_hal_uart.o [1]
USART1_IRQHandler        0x800'2a3d    0xa  Code  Gb  stm32l4xx_it.o [1]
USART2_IRQHandler        0x800'2a47    0xa  Code  Gb  stm32l4xx_it.o [1]
UsageFault_Handler       0x800'2a2d    0x2  Code  Gb  stm32l4xx_it.o [1]
__NVIC_EnableIRQ         0x800'0c89   0x1e  Code  Lc  stm32l4xx_hal_cortex.o [1]
__NVIC_GetPriorityGrouping
                         0x800'0c7b    0xc  Code  Lc  stm32l4xx_hal_cortex.o [1]
__NVIC_SetPriority       0x800'0ca7   0x2c  Code  Lc  stm32l4xx_hal_cortex.o [1]
__NVIC_SetPriorityGrouping
                         0x800'0c59   0x22  Code  Lc  stm32l4xx_hal_cortex.o [1]
__aeabi_ldiv0            0x800'1e9d         Code  Gb  I64DivZer.o [4]
__aeabi_memclr4          0x800'1ca1         Code  Gb  ABImemclr4.o [4]
__aeabi_uldivmod         0x800'18f9         Code  Gb  I64DivMod.o [4]
__cmain                  0x800'2b4d         Code  Gb  cmain.o [4]
__exit                   0x800'2b81   0x14  Code  Gb  exit.o [5]
__iar_Memset4_word       0x800'24a9         Code  Gb  ABImemset48.o [4]
__iar_Memset8_word       0x800'24a9         Code  Gb  ABImemset48.o [4]
__iar_copy_init3         0x800'2ab1   0x2c  Code  Gb  copy_init3.o [4]
__iar_data_init3         0x800'2add   0x28  Code  Gb  data_init.o [4]
__iar_init_vfp           0x800'2b05         Code  Gb  fpinit_M.o [3]
__iar_program_start      0x800'2bb5         Code  Gb  cstartup_M.o [4]
__iar_zero_init3         0x800'16f3   0x3a  Code  Gb  zero_init3.o [4]
__low_level_init         0x800'2b6b    0x4  Code  Gb  low_level_init.o [2]
__vector_table           0x800'0000         Data  Gb  startup_stm32l431xx.o [1]
_call_main               0x800'2b59         Code  Gb  cmain.o [4]
_exit                    0x800'2b75         Code  Gb  cexit.o [4]
_main                    0x800'2b67         Code  Gb  cmain.o [4]
exit                     0x800'2b6f    0x4  Code  Gb  exit.o [2]
hrtc                    0x2000'058c   0x24  Data  Gb  rtc.o [1]
htim6                   0x2000'0540   0x4c  Data  Gb  tim.o [1]
huart1                  0x2000'0440   0x80  Data  Gb  usart.o [1]
huart2                  0x2000'04c0   0x80  Data  Gb  usart.o [1]
main                     0x800'1b87   0x32  Code  Gb  main.o [1]
uart1Data               0x2000'000c  0x434  Data  Gb  main.o [1]
uart1Revflag            0x2000'05b8    0x1  Data  Gb  main.o [1]
uart1RxDatatmp          0x2000'05b9    0x1  Data  Gb  main.o [1]
uart1len                0x2000'05b4    0x2  Data  Gb  main.o [1]
uart1packlen            0x2000'05b6    0x2  Data  Gb  main.o [1]
uwTick                  0x2000'05b0    0x4  Data  Gb  stm32l4xx_hal.o [1]
uwTickFreq              0x2000'0008    0x1  Data  Gb  stm32l4xx_hal.o [1]
uwTickPrio              0x2000'0000    0x4  Data  Gb  stm32l4xx_hal.o [1]


[1] = E:\MYGITHUB\eTable_bootloader\EWARM\eTable_bootloader\Obj
[2] = dl7M_tlf.a
[3] = m7M_tls.a
[4] = rt7M_tl.a
[5] = shb_l.a

  11 342 bytes of readonly  code memory
     122 bytes of readonly  data memory
   2 488 bytes of readwrite data memory

Errors: none
Warnings: none
