###############################################################################
#
# IAR ELF Linker V8.32.3.193/W32 for ARM                  12/Jun/2021  15:16:39
# Copyright 2007-2019 IAR Systems AB.
#
#    Output file  =  
#        G:\mygithub\eTable_bootloader\EWARM\eTable_bootloader\Exe\eTable_bootloader.out
#    Map file     =  
#        G:\mygithub\eTable_bootloader\EWARM\eTable_bootloader\List\eTable_bootloader.map
#    Command line =  
#        -f C:\Users\LY-PC\AppData\Local\Temp\EWA3E4.tmp
#        (G:\mygithub\eTable_bootloader\EWARM\eTable_bootloader\Obj\gpio.o
#        G:\mygithub\eTable_bootloader\EWARM\eTable_bootloader\Obj\internalflash.o
#        G:\mygithub\eTable_bootloader\EWARM\eTable_bootloader\Obj\main.o
#        G:\mygithub\eTable_bootloader\EWARM\eTable_bootloader\Obj\mbcrc.o
#        G:\mygithub\eTable_bootloader\EWARM\eTable_bootloader\Obj\rtc.o
#        G:\mygithub\eTable_bootloader\EWARM\eTable_bootloader\Obj\startup_stm32l431xx.o
#        G:\mygithub\eTable_bootloader\EWARM\eTable_bootloader\Obj\stm32l4xx_hal.o
#        G:\mygithub\eTable_bootloader\EWARM\eTable_bootloader\Obj\stm32l4xx_hal_cortex.o
#        G:\mygithub\eTable_bootloader\EWARM\eTable_bootloader\Obj\stm32l4xx_hal_dma.o
#        G:\mygithub\eTable_bootloader\EWARM\eTable_bootloader\Obj\stm32l4xx_hal_dma_ex.o
#        G:\mygithub\eTable_bootloader\EWARM\eTable_bootloader\Obj\stm32l4xx_hal_exti.o
#        G:\mygithub\eTable_bootloader\EWARM\eTable_bootloader\Obj\stm32l4xx_hal_flash.o
#        G:\mygithub\eTable_bootloader\EWARM\eTable_bootloader\Obj\stm32l4xx_hal_flash_ex.o
#        G:\mygithub\eTable_bootloader\EWARM\eTable_bootloader\Obj\stm32l4xx_hal_flash_ramfunc.o
#        G:\mygithub\eTable_bootloader\EWARM\eTable_bootloader\Obj\stm32l4xx_hal_gpio.o
#        G:\mygithub\eTable_bootloader\EWARM\eTable_bootloader\Obj\stm32l4xx_hal_i2c.o
#        G:\mygithub\eTable_bootloader\EWARM\eTable_bootloader\Obj\stm32l4xx_hal_i2c_ex.o
#        G:\mygithub\eTable_bootloader\EWARM\eTable_bootloader\Obj\stm32l4xx_hal_msp.o
#        G:\mygithub\eTable_bootloader\EWARM\eTable_bootloader\Obj\stm32l4xx_hal_pwr.o
#        G:\mygithub\eTable_bootloader\EWARM\eTable_bootloader\Obj\stm32l4xx_hal_pwr_ex.o
#        G:\mygithub\eTable_bootloader\EWARM\eTable_bootloader\Obj\stm32l4xx_hal_rcc.o
#        G:\mygithub\eTable_bootloader\EWARM\eTable_bootloader\Obj\stm32l4xx_hal_rcc_ex.o
#        G:\mygithub\eTable_bootloader\EWARM\eTable_bootloader\Obj\stm32l4xx_hal_rtc.o
#        G:\mygithub\eTable_bootloader\EWARM\eTable_bootloader\Obj\stm32l4xx_hal_rtc_ex.o
#        G:\mygithub\eTable_bootloader\EWARM\eTable_bootloader\Obj\stm32l4xx_hal_tim.o
#        G:\mygithub\eTable_bootloader\EWARM\eTable_bootloader\Obj\stm32l4xx_hal_tim_ex.o
#        G:\mygithub\eTable_bootloader\EWARM\eTable_bootloader\Obj\stm32l4xx_hal_uart.o
#        G:\mygithub\eTable_bootloader\EWARM\eTable_bootloader\Obj\stm32l4xx_hal_uart_ex.o
#        G:\mygithub\eTable_bootloader\EWARM\eTable_bootloader\Obj\stm32l4xx_it.o
#        G:\mygithub\eTable_bootloader\EWARM\eTable_bootloader\Obj\system_stm32l4xx.o
#        G:\mygithub\eTable_bootloader\EWARM\eTable_bootloader\Obj\tim.o
#        G:\mygithub\eTable_bootloader\EWARM\eTable_bootloader\Obj\usart.o
#        --redirect _Printf=_PrintfFull --redirect _Scanf=_ScanfFull
#        --no_out_extension -o
#        G:\mygithub\eTable_bootloader\EWARM\eTable_bootloader\Exe\eTable_bootloader.out
#        --map
#        G:\mygithub\eTable_bootloader\EWARM\eTable_bootloader\List\eTable_bootloader.map
#        --config G:\mygithub\eTable_bootloader\EWARM/stm32l431xx_flash.icf
#        --semihosting --entry __iar_program_start --vfe --text_out locale)
#
###############################################################################

*******************************************************************************
*** RUNTIME MODEL ATTRIBUTES
***

CppFlavor       = *
__Heap_Handler  = DLMalloc
__SystemLibrary = DLib
__dlib_version  = 6


*******************************************************************************
*** HEAP SELECTION
***

The advanced heap was selected because the application calls memory
allocation functions outside of system library functions, and there
are calls to deallocation functions in the application.


*******************************************************************************
*** PLACEMENT SUMMARY
***

"A0":  place at 0x800'0000 { ro section .intvec };
"P1":  place in [from 0x800'0000 to 0x803'ffff] { ro };
define block CSTACK with size = 1K, alignment = 8 { };
define block HEAP with size = 512, alignment = 8 { };
"P2":  place in [from 0x2000'0000 to 0x2000'ffff] {
          rw, block CSTACK, block HEAP };
initialize by copy { rw };

  Section            Kind         Address    Size  Object
  -------            ----         -------    ----  ------
"A0":                                       0x18c
  .intvec            ro code   0x800'0000   0x18c  startup_stm32l431xx.o [1]
                             - 0x800'018c   0x18c

"P1":                                      0x66d9
  .text              ro code   0x800'018c  0x14e0  dlmalloc.o [2]
  .text              ro code   0x800'166c     0x6  abort.o [2]
  .text              ro code   0x800'1672    0x7a  lz77_init_single.o [4]
  .text              ro code   0x800'16ec    0x2c  xgetmemchunk.o [2]
  .text              ro code   0x800'1718    0x14  exit.o [5]
  .text              ro code   0x800'172c   0xf46  xprintffull.o [2]
  .text              ro code   0x800'2672    0x3a  zero_init3.o [4]
  .text              ro code   0x800'26ac    0x78  xlocale_c.o [2]
  .text              ro code   0x800'2724    0x16  strchr.o [4]
  .text              ro code   0x800'273a    0x1e  xencoding_8859_1.o [2]
  .text              ro code   0x800'2758    0x40  xfail_s.o [2]
  .text              ro code   0x800'2798    0x36  strlen.o [4]
  .text              ro code   0x800'27d0    0x58  memchr.o [4]
  .text              ro code   0x800'2828     0xa  xmbcurmax.o [2]
  .text              ro code   0x800'2834    0xa6  ABImemcpy.o [4]
  .text              ro code   0x800'28dc   0x230  I64DivMod.o [4]
  .text              ro code   0x800'2b0c   0x1a2  DblMul.o [3]
  .text              ro code   0x800'2cb0    0x70  frexp.o [3]
  .text              ro code   0x800'2d20    0x2e  DblCmpLe.o [3]
  .text              ro code   0x800'2d50    0x2e  DblCmpGe.o [3]
  .text              ro code   0x800'2d80   0x13a  ldexp.o [3]
  .text              ro code   0x800'2ebc    0x3a  DblToS32.o [3]
  .text              ro code   0x800'2ef8    0x22  S32ToDbl.o [3]
  .text              ro code   0x800'2f1c    0xe2  DblSub.o [3]
  .text              ro code   0x800'3000   0x246  DblDiv.o [3]
  .text              ro code   0x800'3248    0x28  DblToU32.o [3]
  .text              ro code   0x800'3270    0x1a  U32ToDbl.o [3]
  .text              ro code   0x800'328c     0x2  I64DivZer.o [4]
  .text              ro code   0x800'3290   0x16a  DblAdd.o [3]
  .text              ro code   0x800'33fc   0xac8  stm32l4xx_hal_rcc.o [1]
  .text              ro code   0x800'3ec4     0xc  stm32l4xx_hal.o [1]
  .text              ro code   0x800'3ed0    0x60  stm32l4xx_hal.o [1]
  .text              ro code   0x800'3f30    0x94  stm32l4xx_hal_pwr_ex.o [1]
  .text              ro code   0x800'3fc4   0x15c  stm32l4xx_hal_cortex.o [1]
  .text              ro code   0x800'4120   0xa1a  stm32l4xx_hal_uart.o [1]
  .text              ro code   0x800'4b3c   0x180  usart.o [1]
  .text              ro code   0x800'4cbc    0x5e  stm32l4xx_hal_dma.o [1]
  .text              ro code   0x800'4d1a     0x2  stm32l4xx_hal_uart.o [1]
  .text              ro code   0x800'4d1c     0x2  stm32l4xx_hal_uart_ex.o [1]
  .text              ro code   0x800'4d1e     0x2  stm32l4xx_hal_uart.o [1]
  .text              ro code   0x800'4d20   0x3ea  main.o [1]
  .text              ro code   0x800'510c     0x6  ABImemclr4.o [4]
  .text              ro code   0x800'5114   0x1f4  stm32l4xx_hal_gpio.o [1]
  .text              ro code   0x800'5308   0x338  stm32l4xx_hal_tim.o [1]
  .text              ro code   0x800'5640   0x1ac  internalflash.o [1]
  .text              ro code   0x800'57ec    0x7c  stm32l4xx_hal.o [1]
  .text              ro code   0x800'5868    0x54  gpio.o [1]
  .text              ro code   0x800'58bc    0x54  rtc.o [1]
  .text              ro code   0x800'5910    0x8c  tim.o [1]
  .text              ro code   0x800'599c    0x28  printf.o [2]
  .text              ro code   0x800'59c4    0x66  ABImemset.o [4]
  .text              ro code   0x800'5a2c    0x28  stm32l4xx_hal.o [1]
  .text              ro code   0x800'5a54    0x10  stm32l4xx_hal_pwr.o [1]
  .text              ro code   0x800'5a64   0x4a0  stm32l4xx_hal_rcc_ex.o [1]
  .text              ro code   0x800'5f04    0x32  ABImemset48.o [4]
  .text              ro code   0x800'5f36     0x2  stm32l4xx_hal_tim.o [1]
  .text              ro code   0x800'5f38     0x2  stm32l4xx_hal_tim.o [1]
  .text              ro code   0x800'5f3a     0x2  stm32l4xx_hal_tim.o [1]
  .text              ro code   0x800'5f3c     0x2  stm32l4xx_hal_tim_ex.o [1]
  .text              ro code   0x800'5f3e     0x2  stm32l4xx_hal_tim_ex.o [1]
  .text              ro code   0x800'5f40     0x2  stm32l4xx_hal_tim.o [1]
  .text              ro code   0x800'5f42     0x2  stm32l4xx_hal_tim_ex.o [1]
  .text              ro code   0x800'5f44   0x1b8  stm32l4xx_hal_flash.o [1]
  .text              ro code   0x800'60fc   0x1a4  stm32l4xx_hal_flash_ex.o [1]
  .text              ro code   0x800'62a0     0x4  heaptramp0.o [2]
  .text              ro code   0x800'62a4    0x38  stm32l4xx_hal_msp.o [1]
  .text              ro code   0x800'62dc     0x2  stm32l4xx_hal.o [1]
  .text              ro code   0x800'62e0   0x19c  stm32l4xx_hal_rtc.o [1]
  .text              ro code   0x800'647c    0x7c  stm32l4xx_hal_tim_ex.o [1]
  .text              ro code   0x800'64f8    0x60  system_stm32l4xx.o [1]
  .text              ro code   0x800'6558    0x44  stm32l4xx_it.o [1]
  .text              ro code   0x800'659c    0x18  stm32l4xx_hal.o [1]
  .rodata            const     0x800'65b4    0x30  system_stm32l4xx.o [1]
  .text              ro code   0x800'65e4    0x28  data_init.o [4]
  .text              ro code   0x800'660c    0x22  fpinit_M.o [3]
  .iar.init_table    const     0x800'6630    0x20  - Linker created -
  .text              ro code   0x800'6650    0x1e  cmain.o [4]
  .text              ro code   0x800'666e     0x4  low_level_init.o [2]
  .text              ro code   0x800'6672     0x4  exit.o [2]
  .text              ro code   0x800'6678     0xa  cexit.o [4]
  .rodata            const     0x800'6684    0x18  main.o [1]
  .rodata            const     0x800'669c    0x18  main.o [1]
  .text              ro code   0x800'66b4    0x16  xprout.o [2]
  .text              ro code   0x800'66cc     0xc  putchar.o [2]
  .rodata            const     0x800'66d8    0x10  system_stm32l4xx.o [1]
  .text              ro code   0x800'66e8    0x10  startup_stm32l431xx.o [1]
  .rodata            const     0x800'66f8     0xc  main.o [1]
  .text              ro code   0x800'6704     0xc  cstartup_M.o [4]
  .rodata            const     0x800'6710     0x8  system_stm32l4xx.o [1]
  .rodata            const     0x800'6718     0x6  xlocale_c.o [2]
  .text              ro code   0x800'671e     0x4  startup_stm32l431xx.o [1]
  .text              ro code   0x800'6722     0x4  startup_stm32l431xx.o [1]
  .text              ro code   0x800'6726     0x4  startup_stm32l431xx.o [1]
  .text              ro code   0x800'672a     0x4  startup_stm32l431xx.o [1]
  .text              ro code   0x800'672e     0x4  startup_stm32l431xx.o [1]
  .text              ro code   0x800'6732     0x4  startup_stm32l431xx.o [1]
  .text              ro code   0x800'6736     0x4  startup_stm32l431xx.o [1]
  .text              ro code   0x800'673a     0x4  startup_stm32l431xx.o [1]
  .text              ro code   0x800'673e     0x4  startup_stm32l431xx.o [1]
  .text              ro code   0x800'6742     0x4  startup_stm32l431xx.o [1]
  .text              ro code   0x800'6746     0x4  startup_stm32l431xx.o [1]
  .text              ro code   0x800'674a     0x4  startup_stm32l431xx.o [1]
  .text              ro code   0x800'674e     0x4  startup_stm32l431xx.o [1]
  .text              ro code   0x800'6752     0x4  startup_stm32l431xx.o [1]
  .text              ro code   0x800'6756     0x4  startup_stm32l431xx.o [1]
  .text              ro code   0x800'675a     0x4  startup_stm32l431xx.o [1]
  .text              ro code   0x800'675e     0x4  startup_stm32l431xx.o [1]
  .text              ro code   0x800'6762     0x4  startup_stm32l431xx.o [1]
  .text              ro code   0x800'6766     0x4  startup_stm32l431xx.o [1]
  .text              ro code   0x800'676a     0x4  startup_stm32l431xx.o [1]
  .text              ro code   0x800'676e     0x4  startup_stm32l431xx.o [1]
  .text              ro code   0x800'6772     0x4  startup_stm32l431xx.o [1]
  .text              ro code   0x800'6776     0x4  startup_stm32l431xx.o [1]
  .text              ro code   0x800'677a     0x4  startup_stm32l431xx.o [1]
  .text              ro code   0x800'677e     0x4  startup_stm32l431xx.o [1]
  .text              ro code   0x800'6782     0x4  startup_stm32l431xx.o [1]
  .text              ro code   0x800'6786     0x4  startup_stm32l431xx.o [1]
  .text              ro code   0x800'678a     0x4  startup_stm32l431xx.o [1]
  .text              ro code   0x800'678e     0x4  startup_stm32l431xx.o [1]
  .text              ro code   0x800'6792     0x4  startup_stm32l431xx.o [1]
  .text              ro code   0x800'6796     0x4  startup_stm32l431xx.o [1]
  .text              ro code   0x800'679a     0x4  startup_stm32l431xx.o [1]
  .text              ro code   0x800'679e     0x4  startup_stm32l431xx.o [1]
  .text              ro code   0x800'67a2     0x4  startup_stm32l431xx.o [1]
  .text              ro code   0x800'67a6     0x4  startup_stm32l431xx.o [1]
  .text              ro code   0x800'67aa     0x4  startup_stm32l431xx.o [1]
  .text              ro code   0x800'67ae     0x4  startup_stm32l431xx.o [1]
  .text              ro code   0x800'67b2     0x4  startup_stm32l431xx.o [1]
  .text              ro code   0x800'67b6     0x4  startup_stm32l431xx.o [1]
  .text              ro code   0x800'67ba     0x4  startup_stm32l431xx.o [1]
  .text              ro code   0x800'67be     0x4  startup_stm32l431xx.o [1]
  .text              ro code   0x800'67c2     0x4  startup_stm32l431xx.o [1]
  .text              ro code   0x800'67c6     0x4  startup_stm32l431xx.o [1]
  .text              ro code   0x800'67ca     0x4  startup_stm32l431xx.o [1]
  .text              ro code   0x800'67ce     0x4  startup_stm32l431xx.o [1]
  .text              ro code   0x800'67d2     0x4  startup_stm32l431xx.o [1]
  .text              ro code   0x800'67d6     0x4  startup_stm32l431xx.o [1]
  .text              ro code   0x800'67da     0x4  startup_stm32l431xx.o [1]
  .text              ro code   0x800'67de     0x4  startup_stm32l431xx.o [1]
  .text              ro code   0x800'67e2     0x4  startup_stm32l431xx.o [1]
  .text              ro code   0x800'67e6     0x4  startup_stm32l431xx.o [1]
  .text              ro code   0x800'67ea     0x4  startup_stm32l431xx.o [1]
  .text              ro code   0x800'67ee     0x4  startup_stm32l431xx.o [1]
  .text              ro code   0x800'67f2     0x4  startup_stm32l431xx.o [1]
  .text              ro code   0x800'67f6     0x4  startup_stm32l431xx.o [1]
  .text              ro code   0x800'67fa     0x4  startup_stm32l431xx.o [1]
  .text              ro code   0x800'67fe     0x4  startup_stm32l431xx.o [1]
  .text              ro code   0x800'6802     0x4  startup_stm32l431xx.o [1]
  .text              ro code   0x800'6806     0x4  startup_stm32l431xx.o [1]
  .text              ro code   0x800'680a     0x4  startup_stm32l431xx.o [1]
  .text              ro code   0x800'680e     0x4  startup_stm32l431xx.o [1]
  .rodata            const     0x800'6812     0x0  zero_init3.o [4]
  .rodata            const     0x800'6812     0x0  lz77_init_single.o [4]
  Initializer bytes  const     0x800'6812    0x53  <for P2-1>
                             - 0x800'6865  0x66d9

"P2", part 1 of 3:                           0xf1
  P2-1                        0x2000'0000    0xf1  <Init block>
    .data            inited   0x2000'0000     0x4  stm32l4xx_hal.o [1]
    .data            inited   0x2000'0004    0x20  stm32l4xx_hal_flash.o [1]
    .data            inited   0x2000'0024     0x4  system_stm32l4xx.o [1]
    .data            inited   0x2000'0028    0x38  xlocale_c.o [2]
    .data            inited   0x2000'0060    0x48  xlocale_c.o [2]
    .data            inited   0x2000'00a8    0x48  xfiles.o [2]
    .data            inited   0x2000'00f0     0x1  stm32l4xx_hal.o [1]
                            - 0x2000'00f1    0xf1

"P2", part 2 of 3:                          0x7fc
  .bss               zero     0x2000'00f4   0x434  main.o [1]
  .bss               zero     0x2000'0528   0x1d8  dlmalloc.o [2]
  .bss               zero     0x2000'0700    0x80  usart.o [1]
  .bss               zero     0x2000'0780    0x80  usart.o [1]
  .bss               zero     0x2000'0800    0x50  xfiles.o [2]
  .bss               zero     0x2000'0850    0x4c  tim.o [1]
  .bss               zero     0x2000'089c    0x24  rtc.o [1]
  .bss               zero     0x2000'08c0    0x18  dlmalloc.o [2]
  .bss               zero     0x2000'08d8     0x4  stm32l4xx_hal.o [1]
  .bss               zero     0x2000'08dc     0x4  xgetmemchunk.o [2]
  .bss               zero     0x2000'08e0     0x4  xfail_s.o [2]
  .bss               zero     0x2000'08e4     0x2  main.o [1]
  .bss               zero     0x2000'08e6     0x2  main.o [1]
  .bss               zero     0x2000'08e8     0x2  main.o [1]
  .bss               zero     0x2000'08ea     0x1  main.o [1]
  .bss               zero     0x2000'08eb     0x1  main.o [1]
  .bss               zero     0x2000'08ec     0x1  main.o [1]
  .bss               zero     0x2000'08ed     0x1  main.o [1]
  .bss               zero     0x2000'08ee     0x1  main.o [1]
                            - 0x2000'08ef   0x7fb

"P2", part 3 of 3:                          0x600
  CSTACK                      0x2000'08f0   0x400  <Block>
    CSTACK           uninit   0x2000'08f0   0x400  <Block tail>
  HEAP                        0x2000'0cf0   0x200  <Block>
    HEAP             uninit   0x2000'0cf0   0x200  <Block tail>
                            - 0x2000'0ef0   0x600

Unused ranges:

         From           To      Size
         ----           --      ----
   0x800'6865   0x803'ffff  0x3'979b
  0x2000'00f1  0x2000'00f3       0x3
  0x2000'0ef0  0x2000'ffff    0xf110


*******************************************************************************
*** INIT TABLE
***

          Address      Size
          -------      ----
Zero (__iar_zero_init3)
    1 destination range, total size 0x7fb:
          0x2000'00f4  0x7fb

Copy/lz77 (__iar_lz77_init_single3)
    1 source range, total size 0x53 (34% of destination):
           0x800'6812   0x53
    1 destination range, total size 0xf1:
          0x2000'0000   0xf1



*******************************************************************************
*** MODULE SUMMARY
***

    Module                    ro code  ro data  rw data
    ------                    -------  -------  -------
command line/config:
    ---------------------------------------------------
    Total:

G:\mygithub\eTable_bootloader\EWARM\eTable_bootloader\Obj: [1]
    gpio.o                         84
    internalflash.o               428
    main.o                      1 002       60    1 087
    rtc.o                          84                36
    startup_stm32l431xx.o         656
    stm32l4xx_hal.o               298        2        9
    stm32l4xx_hal_cortex.o        348
    stm32l4xx_hal_dma.o            94
    stm32l4xx_hal_flash.o         440       11       32
    stm32l4xx_hal_flash_ex.o      420
    stm32l4xx_hal_gpio.o          500
    stm32l4xx_hal_msp.o            56
    stm32l4xx_hal_pwr.o            16
    stm32l4xx_hal_pwr_ex.o        148
    stm32l4xx_hal_rcc.o         2 760
    stm32l4xx_hal_rcc_ex.o      1 184
    stm32l4xx_hal_rtc.o           412
    stm32l4xx_hal_tim.o           832
    stm32l4xx_hal_tim_ex.o        130
    stm32l4xx_hal_uart.o        2 590
    stm32l4xx_hal_uart_ex.o         2
    stm32l4xx_it.o                 68
    system_stm32l4xx.o             96       73        4
    tim.o                         140                76
    usart.o                       384               256
    ---------------------------------------------------
    Total:                     13 172      146    1 500

dl7M_tlf.a: [2]
    abort.o                         6
    dlmalloc.o                  5 344               496
    exit.o                          4
    heaptramp0.o                    4
    low_level_init.o                4
    printf.o                       40
    putchar.o                      12
    xencoding_8859_1.o             30
    xfail_s.o                      64                 4
    xfiles.o                                25      152
    xgetmemchunk.o                 44                 4
    xlocale_c.o                   120       50      128
    xmbcurmax.o                    10
    xprintffull.o               3 910
    xprout.o                       22
    ---------------------------------------------------
    Total:                      9 614       75      784

m7M_tls.a: [3]
    DblAdd.o                      362
    DblCmpGe.o                     46
    DblCmpLe.o                     46
    DblDiv.o                      582
    DblMul.o                      418
    DblSub.o                      226
    DblToS32.o                     58
    DblToU32.o                     40
    S32ToDbl.o                     34
    U32ToDbl.o                     26
    fpinit_M.o                     34
    frexp.o                       112
    ldexp.o                       314
    ---------------------------------------------------
    Total:                      2 298

rt7M_tl.a: [4]
    ABImemclr4.o                    6
    ABImemcpy.o                   166
    ABImemset.o                   102
    ABImemset48.o                  50
    I64DivMod.o                   560
    I64DivZer.o                     2
    cexit.o                        10
    cmain.o                        30
    cstartup_M.o                   12
    data_init.o                    40
    lz77_init_single.o            122
    memchr.o                       88
    strchr.o                       22
    strlen.o                       54
    zero_init3.o                   58
    ---------------------------------------------------
    Total:                      1 322

shb_l.a: [5]
    exit.o                         20
    ---------------------------------------------------
    Total:                         20

    Gaps                           42        4
    Linker created                          32    1 536
-------------------------------------------------------
    Grand Total:               26 468      257    3 820


*******************************************************************************
*** ENTRY LIST
***

Entry                       Address   Size  Type      Object
-----                       -------   ----  ----      ------
.iar.init_table$$Base    0x800'6630          --   Gb  - Linker created -
.iar.init_table$$Limit   0x800'6650          --   Gb  - Linker created -
?main                    0x800'6651         Code  Gb  cmain.o [4]
AHBPrescTable            0x800'66d8   0x10  Data  Gb  system_stm32l4xx.o [1]
APBPrescTable            0x800'6710    0x8  Data  Gb  system_stm32l4xx.o [1]
BusFault_Handler         0x800'655f    0x2  Code  Gb  stm32l4xx_it.o [1]
CSTACK$$Base            0x2000'08f0          --   Gb  - Linker created -
CSTACK$$Limit           0x2000'0cf0          --   Gb  - Linker created -
CacheMore                0x800'26b1   0x24  Code  Lc  xlocale_c.o [2]
Data_Analy               0x800'4dc9  0x17a  Code  Gb  main.o [1]
DebugMon_Handler         0x800'6565    0x2  Code  Gb  stm32l4xx_it.o [1]
Erase_ST_Flash           0x800'5641   0x54  Code  Gb  internalflash.o [1]
Error_Handler            0x800'5109    0x2  Code  Gb  main.o [1]
FLASH_FlushCaches        0x800'622f   0x62  Code  Gb  stm32l4xx_hal_flash_ex.o [1]
FLASH_MassErase          0x800'61e7   0x1e  Code  Lc  stm32l4xx_hal_flash_ex.o [1]
FLASH_PageErase          0x800'6205   0x2a  Code  Gb  stm32l4xx_hal_flash_ex.o [1]
FLASH_Program_DoubleWord
                         0x800'608b   0x1a  Code  Lc  stm32l4xx_hal_flash.o [1]
FLASH_Program_Fast       0x800'60a5   0x32  Code  Lc  stm32l4xx_hal_flash.o [1]
FLASH_WaitForLastOperation
                         0x800'6025   0x66  Code  Gb  stm32l4xx_hal_flash.o [1]
Funtioncode             0x2000'08ee    0x1  Data  Gb  main.o [1]
HAL_DMA_Abort_IT         0x800'4cbd   0x5e  Code  Gb  stm32l4xx_hal_dma.o [1]
HAL_DeInit               0x800'5811   0x3e  Code  Gb  stm32l4xx_hal.o [1]
HAL_Delay                0x800'5a2d   0x28  Code  Wk  stm32l4xx_hal.o [1]
HAL_FLASHEx_Erase        0x800'60fd   0xea  Code  Gb  stm32l4xx_hal_flash_ex.o [1]
HAL_FLASH_Lock           0x800'6017    0xe  Code  Gb  stm32l4xx_hal_flash.o [1]
HAL_FLASH_Program        0x800'5f45   0xb0  Code  Gb  stm32l4xx_hal_flash.o [1]
HAL_FLASH_Unlock         0x800'5ff5   0x22  Code  Gb  stm32l4xx_hal_flash.o [1]
HAL_GPIO_Init            0x800'5115  0x1ca  Code  Gb  stm32l4xx_hal_gpio.o [1]
HAL_GetTick              0x800'3ec5    0xc  Code  Wk  stm32l4xx_hal.o [1]
HAL_IncTick              0x800'659d   0x18  Code  Wk  stm32l4xx_hal.o [1]
HAL_Init                 0x800'57ed   0x24  Code  Gb  stm32l4xx_hal.o [1]
HAL_InitTick             0x800'3ed1   0x60  Code  Wk  stm32l4xx_hal.o [1]
HAL_MspInit              0x800'62a5   0x38  Code  Gb  stm32l4xx_hal_msp.o [1]
HAL_NVIC_EnableIRQ       0x800'40e5    0xe  Code  Gb  stm32l4xx_hal_cortex.o [1]
HAL_NVIC_SetPriority     0x800'40bb   0x2a  Code  Gb  stm32l4xx_hal_cortex.o [1]
HAL_NVIC_SetPriorityGrouping
                         0x800'40af    0xc  Code  Gb  stm32l4xx_hal_cortex.o [1]
HAL_PWREx_ControlVoltageScaling
                         0x800'3f3d   0x76  Code  Gb  stm32l4xx_hal_pwr_ex.o [1]
HAL_PWREx_GetVoltageRange
                         0x800'3f31    0xc  Code  Gb  stm32l4xx_hal_pwr_ex.o [1]
HAL_PWR_EnableBkUpAccess
                         0x800'5a55    0xc  Code  Gb  stm32l4xx_hal_pwr.o [1]
HAL_RCCEx_PeriphCLKConfig
                         0x800'5a65  0x304  Code  Gb  stm32l4xx_hal_rcc_ex.o [1]
HAL_RCC_ClockConfig      0x800'3b7f  0x14c  Code  Gb  stm32l4xx_hal_rcc.o [1]
HAL_RCC_DeInit           0x800'33fd   0xe8  Code  Gb  stm32l4xx_hal_rcc.o [1]
HAL_RCC_GetHCLKFreq      0x800'3d9f    0x6  Code  Gb  stm32l4xx_hal_rcc.o [1]
HAL_RCC_GetPCLK1Freq     0x800'3da5   0x1a  Code  Gb  stm32l4xx_hal_rcc.o [1]
HAL_RCC_GetPCLK2Freq     0x800'3dbf   0x1a  Code  Gb  stm32l4xx_hal_rcc.o [1]
HAL_RCC_GetSysClockFreq
                         0x800'3ccb   0xd4  Code  Gb  stm32l4xx_hal_rcc.o [1]
HAL_RCC_OscConfig        0x800'34e5  0x69a  Code  Gb  stm32l4xx_hal_rcc.o [1]
HAL_RTC_Init             0x800'62e1   0xb4  Code  Gb  stm32l4xx_hal_rtc.o [1]
HAL_RTC_MspInit          0x800'58ef   0x14  Code  Gb  rtc.o [1]
HAL_RTC_WaitForSynchro   0x800'6395   0x34  Code  Gb  stm32l4xx_hal_rtc.o [1]
HAL_SYSTICK_Config       0x800'40f3    0xc  Code  Gb  stm32l4xx_hal_cortex.o [1]
HAL_TIMEx_Break2Callback
                         0x800'5f3f    0x2  Code  Wk  stm32l4xx_hal_tim_ex.o [1]
HAL_TIMEx_BreakCallback
                         0x800'5f3d    0x2  Code  Wk  stm32l4xx_hal_tim_ex.o [1]
HAL_TIMEx_CommutCallback
                         0x800'5f43    0x2  Code  Wk  stm32l4xx_hal_tim_ex.o [1]
HAL_TIMEx_MasterConfigSynchronization
                         0x800'647d   0x74  Code  Gb  stm32l4xx_hal_tim_ex.o [1]
HAL_TIM_Base_Init        0x800'5309   0x7a  Code  Gb  stm32l4xx_hal_tim.o [1]
HAL_TIM_Base_MspInit     0x800'595f   0x32  Code  Gb  tim.o [1]
HAL_TIM_Base_Start_IT    0x800'53b3   0x70  Code  Gb  stm32l4xx_hal_tim.o [1]
HAL_TIM_Base_Stop        0x800'5383   0x30  Code  Gb  stm32l4xx_hal_tim.o [1]
HAL_TIM_IRQHandler       0x800'5431  0x194  Code  Gb  stm32l4xx_hal_tim.o [1]
HAL_TIM_PeriodElapsedCallback
                         0x800'4d21   0x18  Code  Gb  main.o [1]
HAL_UARTEx_WakeupCallback
                         0x800'4d1d    0x2  Code  Wk  stm32l4xx_hal_uart_ex.o [1]
HAL_UART_IRQHandler      0x800'435b  0x1b0  Code  Gb  stm32l4xx_hal_uart.o [1]
HAL_UART_Init            0x800'4121   0x7a  Code  Gb  stm32l4xx_hal_uart.o [1]
HAL_UART_MspInit         0x800'4bb5   0xce  Code  Gb  usart.o [1]
HAL_UART_Receive_IT      0x800'4275   0xe6  Code  Gb  stm32l4xx_hal_uart.o [1]
HAL_UART_RxCpltCallback
                         0x800'4d39   0x90  Code  Gb  main.o [1]
HAL_UART_Transmit        0x800'419b   0xda  Code  Gb  stm32l4xx_hal_uart.o [1]
HEAP$$Base              0x2000'0cf0          --   Gb  - Linker created -
HEAP$$Limit             0x2000'0ef0          --   Gb  - Linker created -
HardFault_Handler        0x800'655b    0x2  Code  Gb  stm32l4xx_it.o [1]
LoadInt                  0x800'18ef   0x7a  Code  Lc  xprintffull.o [2]
MSIRangeTable            0x800'65b4   0x30  Data  Gb  system_stm32l4xx.o [1]
MX_GPIO_Init             0x800'5869   0x54  Code  Gb  gpio.o [1]
MX_RTC_Init              0x800'58bd   0x32  Code  Gb  rtc.o [1]
MX_TIM6_Init             0x800'5911   0x4e  Code  Gb  tim.o [1]
MX_USART1_UART_Init      0x800'4b3d   0x3c  Code  Gb  usart.o [1]
MX_USART2_UART_Init      0x800'4b79   0x3c  Code  Gb  usart.o [1]
MemManage_Handler        0x800'655d    0x2  Code  Gb  stm32l4xx_it.o [1]
NMI_Handler              0x800'6559    0x2  Code  Gb  stm32l4xx_it.o [1]
NVIC_EncodePriority      0x800'403f   0x40  Code  Lc  stm32l4xx_hal_cortex.o [1]
PendSV_Handler           0x800'6567    0x2  Code  Gb  stm32l4xx_it.o [1]
RCCEx_PLLSAI1_Config     0x800'5d7d  0x16e  Code  Lc  stm32l4xx_hal_rcc_ex.o [1]
RCC_SetFlashLatencyFromMSIRange
                         0x800'3df5   0x8a  Code  Lc  stm32l4xx_hal_rcc.o [1]
RTC_EnterInitMode        0x800'63c9   0x4c  Code  Gb  stm32l4xx_hal_rtc.o [1]
RTC_ExitInitMode         0x800'6415   0x58  Code  Gb  stm32l4xx_hal_rtc.o [1]
Region$$Table$$Base      0x800'6630          --   Gb  - Linker created -
Region$$Table$$Limit     0x800'6650          --   Gb  - Linker created -
SVC_Handler              0x800'6563    0x2  Code  Gb  stm32l4xx_it.o [1]
SysTick_Config           0x800'407f   0x30  Code  Lc  stm32l4xx_hal_cortex.o [1]
SysTick_Handler          0x800'6569    0x8  Code  Gb  stm32l4xx_it.o [1]
SystemClock_Config       0x800'500b   0xba  Code  Gb  main.o [1]
SystemCoreClock         0x2000'0024    0x4  Data  Gb  system_stm32l4xx.o [1]
SystemInit               0x800'64f9   0x42  Code  Gb  system_stm32l4xx.o [1]
TIM6_DAC_IRQHandler      0x800'6585    0xa  Code  Gb  stm32l4xx_it.o [1]
TIM_Base_SetConfig       0x800'55c5   0x6e  Code  Gb  stm32l4xx_hal_tim.o [1]
TimeFlag                0x2000'08e6    0x2  Data  Gb  main.o [1]
UART_AdvFeatureConfig    0x800'4815   0xda  Code  Gb  stm32l4xx_hal_uart.o [1]
UART_CheckIdleState      0x800'48ef   0x68  Code  Gb  stm32l4xx_hal_uart.o [1]
UART_DMAAbortOnError     0x800'4a29   0x1a  Code  Lc  stm32l4xx_hal_uart.o [1]
UART_EndRxTransfer       0x800'4a07   0x22  Code  Lc  stm32l4xx_hal_uart.o [1]
UART_EndTransmit_IT      0x800'4a45   0x20  Code  Lc  stm32l4xx_hal_uart.o [1]
UART_RxISR_16BIT         0x800'4acf   0x6c  Code  Lc  stm32l4xx_hal_uart.o [1]
UART_RxISR_8BIT          0x800'4a65   0x6a  Code  Lc  stm32l4xx_hal_uart.o [1]
UART_SetConfig           0x800'4515  0x2de  Code  Gb  stm32l4xx_hal_uart.o [1]
UART_WaitOnFlagUntilTimeout
                         0x800'4957   0xb0  Code  Gb  stm32l4xx_hal_uart.o [1]
USART1_IRQHandler        0x800'6571    0xa  Code  Gb  stm32l4xx_it.o [1]
USART2_IRQHandler        0x800'657b    0xa  Code  Gb  stm32l4xx_it.o [1]
UsageFault_Handler       0x800'6561    0x2  Code  Gb  stm32l4xx_it.o [1]
Write_Data_Flash         0x800'56fb   0x86  Code  Gb  internalflash.o [1]
Write_ST_Flash           0x800'5695   0x66  Code  Gb  internalflash.o [1]
_Encoding_8859_1_Mbrlen
                         0x800'274d    0x2  Code  Gb  xencoding_8859_1.o [2]
_Encoding_8859_1_Wctomb
                         0x800'273b   0x12  Code  Gb  xencoding_8859_1.o [2]
_GenldFull               0x800'234d  0x274  Code  Lc  xprintffull.o [2]
_LdtobFull               0x800'1f49  0x3d6  Code  Lc  xprintffull.o [2]
_LitobFull               0x800'1df9  0x10a  Code  Lc  xprintffull.o [2]
_Locale_lconv           0x2000'0028   0x38  Data  Lc  xlocale_c.o [2]
_PrintfFull              0x800'172d  0x1aa  Code  Gb  xprintffull.o [2]
_Prout                   0x800'66b5   0x16  Code  Gb  xprout.o [2]
_PutcharsFull            0x800'25c1   0x2e  Code  Lc  xprintffull.o [2]
_PutfldFull              0x800'1969  0x2d4  Code  Lc  xprintffull.o [2]
_PutstrFull              0x800'1d33   0xc6  Code  Lc  xprintffull.o [2]
_PuttxtFull              0x800'1c3d   0xf6  Code  Lc  xprintffull.o [2]
__NVIC_EnableIRQ         0x800'3ff5   0x1e  Code  Lc  stm32l4xx_hal_cortex.o [1]
__NVIC_GetPriorityGrouping
                         0x800'3fe7    0xc  Code  Lc  stm32l4xx_hal_cortex.o [1]
__NVIC_SetPriority       0x800'4013   0x2c  Code  Lc  stm32l4xx_hal_cortex.o [1]
__NVIC_SetPriorityGrouping
                         0x800'3fc5   0x22  Code  Lc  stm32l4xx_hal_cortex.o [1]
__aeabi_cdcmple          0x800'2d21         Code  Gb  DblCmpLe.o [3]
__aeabi_cdrcmple         0x800'2d51         Code  Gb  DblCmpGe.o [3]
__aeabi_d2iz             0x800'2ebd         Code  Gb  DblToS32.o [3]
__aeabi_d2uiz            0x800'3249         Code  Gb  DblToU32.o [3]
__aeabi_ddiv             0x800'3001         Code  Gb  DblDiv.o [3]
__aeabi_dmul             0x800'2b0d         Code  Gb  DblMul.o [3]
__aeabi_dsub             0x800'2f1d         Code  Gb  DblSub.o [3]
__aeabi_i2d              0x800'2ef9         Code  Gb  S32ToDbl.o [3]
__aeabi_ldiv0            0x800'328d         Code  Gb  I64DivZer.o [4]
__aeabi_memclr4          0x800'510d         Code  Gb  ABImemclr4.o [4]
__aeabi_memcpy           0x800'2835         Code  Gb  ABImemcpy.o [4]
__aeabi_memcpy4          0x800'2855         Code  Gb  ABImemcpy.o [4]
__aeabi_memcpy8          0x800'2855         Code  Gb  ABImemcpy.o [4]
__aeabi_memset           0x800'59c5         Code  Gb  ABImemset.o [4]
__aeabi_ui2d             0x800'3271         Code  Gb  U32ToDbl.o [3]
__aeabi_uldivmod         0x800'28dd         Code  Gb  I64DivMod.o [4]
__cmain                  0x800'6651         Code  Gb  cmain.o [4]
__data_GetMemChunk       0x800'16ed   0x2c  Code  Gb  xgetmemchunk.o [2]
__data_GetMemChunk::start
                        0x2000'08dc    0x4  Data  Lc  xgetmemchunk.o [2]
__exit                   0x800'1719   0x14  Code  Gb  exit.o [5]
__iar_Fail_s             0x800'2759   0x1c  Code  Gb  xfail_s.o [2]
__iar_Mbcurmax           0x800'2829    0xa  Code  Gb  xmbcurmax.o [2]
__iar_Memchr             0x800'27d1         Code  Gb  memchr.o [4]
__iar_Memset             0x800'59c5         Code  Gb  ABImemset.o [4]
__iar_Memset4_word       0x800'5f05         Code  Gb  ABImemset48.o [4]
__iar_Memset8_word       0x800'5f05         Code  Gb  ABImemset48.o [4]
__iar_Memset_word        0x800'59cd         Code  Gb  ABImemset.o [4]
__iar_Stdout            0x2000'00a8   0x48  Data  Gb  xfiles.o [2]
__iar_Strchr             0x800'2725         Code  Gb  strchr.o [4]
__iar_dadd               0x800'2f2d         Code  Gb  DblSub.o [3]
__iar_data_init3         0x800'65e5   0x28  Code  Gb  data_init.o [4]
__iar_dlfree             0x800'116b  0x4f6  Code  Gb  dlmalloc.o [2]
__iar_dlmalloc           0x800'0eb5  0x2b6  Code  Gb  dlmalloc.o [2]
__iar_dsub               0x800'3291         Code  Gb  DblAdd.o [3]
__iar_dsubStart          0x800'32a3         Code  Gb  DblAdd.o [3]
__iar_frexp              0x800'2cbd         Code  Gb  frexp.o [3]
__iar_frexpl             0x800'2cbd         Code  Gb  frexp.o [3]
__iar_globLocale        0x2000'0060   0x48  Data  Lc  xlocale_c.o [2]
__iar_global_Locale      0x800'26ad    0x4  Code  Gb  xlocale_c.o [2]
__iar_init_vfp           0x800'660d         Code  Gb  fpinit_M.o [3]
__iar_ldexp64            0x800'2d81         Code  Gb  ldexp.o [3]
__iar_lz77_init_single3
                         0x800'1673   0x7a  Code  Gb  lz77_init_single.o [4]
__iar_program_start      0x800'6705         Code  Gb  cstartup_M.o [4]
__iar_scalbln64          0x800'2d81         Code  Gb  ldexp.o [3]
__iar_scalbn64           0x800'2d81         Code  Gb  ldexp.o [3]
__iar_softfp___iar_frexp64
                         0x800'2cb1         Code  Gb  frexp.o [3]
__iar_softfp_frexp       0x800'2cb1         Code  Gb  frexp.o [3]
__iar_softfp_frexpl      0x800'2cb1         Code  Gb  frexp.o [3]
__iar_zero_init3         0x800'2673   0x3a  Code  Gb  zero_init3.o [4]
__low_level_init         0x800'666f    0x4  Code  Gb  low_level_init.o [2]
__vector_table           0x800'0000         Data  Gb  startup_stm32l431xx.o [1]
_call_main               0x800'665d         Code  Gb  cmain.o [4]
_exit                    0x800'6679         Code  Gb  cexit.o [4]
_gLocale_mblen           0x800'2711    0x4  Code  Gb  xlocale_c.o [2]
_gLocale_mblenInt        0x800'26d5   0x2c  Code  Gb  xlocale_c.o [2]
_gLocale_wctomb          0x800'2715    0x4  Code  Gb  xlocale_c.o [2]
_gLocale_wctombInt       0x800'270d    0x4  Code  Gb  xlocale_c.o [2]
_gm_                    0x2000'0528  0x1d8  Data  Lc  dlmalloc.o [2]
_main                    0x800'666b         Code  Gb  cmain.o [4]
abort                    0x800'166d    0x6  Code  Gb  abort.o [2]
add_segment              0x800'0555  0x1f2  Code  Lc  dlmalloc.o [2]
exit                     0x800'6673    0x4  Code  Gb  exit.o [2]
fputc                    0x800'4c83   0x18  Code  Gb  usart.o [1]
free                     0x800'62a1    0x4  Code  Gb  heaptramp0.o [2]
hrtc                    0x2000'089c   0x24  Data  Gb  rtc.o [1]
htim6                   0x2000'0850   0x4c  Data  Gb  tim.o [1]
huart1                  0x2000'0700   0x80  Data  Gb  usart.o [1]
huart2                  0x2000'0780   0x80  Data  Gb  usart.o [1]
init_mparams             0x800'01a7   0x32  Code  Lc  dlmalloc.o [2]
init_top                 0x800'01d9   0x36  Code  Lc  dlmalloc.o [2]
jump_application         0x800'5781   0x48  Code  Gb  internalflash.o [1]
jumptim                 0x2000'08ec    0x1  Data  Gb  main.o [1]
ldexp                    0x800'2d81         Code  Gb  ldexp.o [3]
ldexpl                   0x800'2d81         Code  Gb  ldexp.o [3]
localeconv               0x800'2719    0x4  Code  Gb  xlocale_c.o [2]
main                     0x800'4f43   0xc8  Code  Gb  main.o [1]
memchr                   0x800'27d1         Code  Gb  memchr.o [4]
mparams                 0x2000'08c0   0x18  Data  Lc  dlmalloc.o [2]
obuf                    0x2000'0800   0x50  Data  Lc  xfiles.o [2]
pFlash                  0x2000'0004   0x20  Data  Gb  stm32l4xx_hal_flash.o [1]
prepend_alloc            0x800'020f  0x346  Code  Lc  dlmalloc.o [2]
printf                   0x800'599d   0x28  Code  Gb  printf.o [2]
putchar                  0x800'66cd    0xc  Code  Gb  putchar.o [2]
scalbln                  0x800'2d81         Code  Gb  ldexp.o [3]
scalblnl                 0x800'2d81         Code  Gb  ldexp.o [3]
scalbn                   0x800'2d81         Code  Gb  ldexp.o [3]
scalbnl                  0x800'2d81         Code  Gb  ldexp.o [3]
scale                    0x800'1f03   0x46  Code  Lc  xprintffull.o [2]
sec_hand                0x2000'08e0    0x4  Data  Lc  xfail_s.o [2]
segment_holding          0x800'018d   0x1a  Code  Lc  dlmalloc.o [2]
strchr                   0x800'2725         Code  Gb  strchr.o [4]
strlen                   0x800'2799         Code  Gb  strlen.o [4]
sys_alloc                0x800'074d  0x164  Code  Lc  dlmalloc.o [2]
sys_trim                 0x800'08b1   0x64  Code  Lc  dlmalloc.o [2]
timflag                 0x2000'08ed    0x1  Data  Gb  main.o [1]
tmalloc_large            0x800'0921  0x386  Code  Lc  dlmalloc.o [2]
tmalloc_small            0x800'0ca7  0x200  Code  Lc  dlmalloc.o [2]
uart1Data               0x2000'00f4  0x434  Data  Gb  main.o [1]
uart1Revflag            0x2000'08ea    0x1  Data  Gb  main.o [1]
uart1RxDatatmp          0x2000'08eb    0x1  Data  Gb  main.o [1]
uart1len                0x2000'08e4    0x2  Data  Gb  main.o [1]
uart1packlen            0x2000'08e8    0x2  Data  Gb  main.o [1]
uwTick                  0x2000'08d8    0x4  Data  Gb  stm32l4xx_hal.o [1]
uwTickFreq              0x2000'00f0    0x1  Data  Gb  stm32l4xx_hal.o [1]
uwTickPrio              0x2000'0000    0x4  Data  Gb  stm32l4xx_hal.o [1]


[1] = G:\mygithub\eTable_bootloader\EWARM\eTable_bootloader\Obj
[2] = dl7M_tlf.a
[3] = m7M_tls.a
[4] = rt7M_tl.a
[5] = shb_l.a

  26 468 bytes of readonly  code memory
     257 bytes of readonly  data memory
   3 820 bytes of readwrite data memory

Errors: none
Warnings: none
